Archive member included to satisfy reference by file (symbol)

/home/andy/code/dbc/test/compilers/gcc-arm-none-eabi-7-2018-q2-update/bin/../lib/gcc/arm-none-eabi/7.3.1/../../../../arm-none-eabi/lib/thumb/v7e-m/fpv5/softfp/libstdc++_nano.a(new_handler.o)
                              BUILD/GIGA/GCC_ARM-CUSTOM/mbed-os/rtos/source/Thread.o (symbol from plugin) (std::nothrow)
/home/andy/code/dbc/test/compilers/gcc-arm-none-eabi-7-2018-q2-update/bin/../lib/gcc/arm-none-eabi/7.3.1/../../../../arm-none-eabi/lib/thumb/v7e-m/fpv5/softfp/libc_nano.a(lib_a-errno.o)
                              BUILD/GIGA/GCC_ARM-CUSTOM/mbed-os/platform/source/mbed_retarget.o (symbol from plugin) (__errno)
/home/andy/code/dbc/test/compilers/gcc-arm-none-eabi-7-2018-q2-update/bin/../lib/gcc/arm-none-eabi/7.3.1/../../../../arm-none-eabi/lib/thumb/v7e-m/fpv5/softfp/libc_nano.a(lib_a-fclose.o)
                              BUILD/GIGA/GCC_ARM-CUSTOM/app/fileblockdevice/FileBlockDevice.o (symbol from plugin) (fclose)
/home/andy/code/dbc/test/compilers/gcc-arm-none-eabi-7-2018-q2-update/bin/../lib/gcc/arm-none-eabi/7.3.1/../../../../arm-none-eabi/lib/thumb/v7e-m/fpv5/softfp/libc_nano.a(lib_a-fflush.o)
                              /home/andy/code/dbc/test/compilers/gcc-arm-none-eabi-7-2018-q2-update/bin/../lib/gcc/arm-none-eabi/7.3.1/../../../../arm-none-eabi/lib/thumb/v7e-m/fpv5/softfp/libc_nano.a(lib_a-fclose.o) (__sflush_r)
/home/andy/code/dbc/test/compilers/gcc-arm-none-eabi-7-2018-q2-update/bin/../lib/gcc/arm-none-eabi/7.3.1/../../../../arm-none-eabi/lib/thumb/v7e-m/fpv5/softfp/libc_nano.a(lib_a-fgetc.o)
                              BUILD/GIGA/GCC_ARM-CUSTOM/mbed-os/platform/source/Stream.o (symbol from plugin) (fgetc)
/home/andy/code/dbc/test/compilers/gcc-arm-none-eabi-7-2018-q2-update/bin/../lib/gcc/arm-none-eabi/7.3.1/../../../../arm-none-eabi/lib/thumb/v7e-m/fpv5/softfp/libc_nano.a(lib_a-fgets.o)
                              BUILD/GIGA/GCC_ARM-CUSTOM/mbed-os/connectivity/mbedtls/source/bignum.o (symbol from plugin) (fgets)
/home/andy/code/dbc/test/compilers/gcc-arm-none-eabi-7-2018-q2-update/bin/../lib/gcc/arm-none-eabi/7.3.1/../../../../arm-none-eabi/lib/thumb/v7e-m/fpv5/softfp/libc_nano.a(lib_a-findfp.o)
                              /home/andy/code/dbc/test/compilers/gcc-arm-none-eabi-7-2018-q2-update/bin/../lib/gcc/arm-none-eabi/7.3.1/../../../../arm-none-eabi/lib/thumb/v7e-m/fpv5/softfp/libc_nano.a(lib_a-fclose.o) (__sinit)
/home/andy/code/dbc/test/compilers/gcc-arm-none-eabi-7-2018-q2-update/bin/../lib/gcc/arm-none-eabi/7.3.1/../../../../arm-none-eabi/lib/thumb/v7e-m/fpv5/softfp/libc_nano.a(lib_a-fopen.o)
                              BUILD/GIGA/GCC_ARM-CUSTOM/app/fileblockdevice/FileBlockDevice.o (symbol from plugin) (fopen)
/home/andy/code/dbc/test/compilers/gcc-arm-none-eabi-7-2018-q2-update/bin/../lib/gcc/arm-none-eabi/7.3.1/../../../../arm-none-eabi/lib/thumb/v7e-m/fpv5/softfp/libc_nano.a(lib_a-fread.o)
                              BUILD/GIGA/GCC_ARM-CUSTOM/app/fileblockdevice/FileBlockDevice.o (symbol from plugin) (fread)
/home/andy/code/dbc/test/compilers/gcc-arm-none-eabi-7-2018-q2-update/bin/../lib/gcc/arm-none-eabi/7.3.1/../../../../arm-none-eabi/lib/thumb/v7e-m/fpv5/softfp/libc_nano.a(lib_a-fseek.o)
                              /home/andy/code/dbc/test/compilers/gcc-arm-none-eabi-7-2018-q2-update/bin/../lib/gcc/arm-none-eabi/7.3.1/../../../../arm-none-eabi/lib/thumb/v7e-m/fpv5/softfp/libc_nano.a(lib_a-fopen.o) (_fseek_r)
/home/andy/code/dbc/test/compilers/gcc-arm-none-eabi-7-2018-q2-update/bin/../lib/gcc/arm-none-eabi/7.3.1/../../../../arm-none-eabi/lib/thumb/v7e-m/fpv5/softfp/libc_nano.a(lib_a-fseeko.o)
                              /home/andy/code/dbc/test/compilers/gcc-arm-none-eabi-7-2018-q2-update/bin/../lib/gcc/arm-none-eabi/7.3.1/../../../../arm-none-eabi/lib/thumb/v7e-m/fpv5/softfp/libc_nano.a(lib_a-fseek.o) (_fseeko_r)
/home/andy/code/dbc/test/compilers/gcc-arm-none-eabi-7-2018-q2-update/bin/../lib/gcc/arm-none-eabi/7.3.1/../../../../arm-none-eabi/lib/thumb/v7e-m/fpv5/softfp/libc_nano.a(lib_a-ftell.o)
                              BUILD/GIGA/GCC_ARM-CUSTOM/app/fileblockdevice/FileBlockDevice.o (symbol from plugin) (ftell)
/home/andy/code/dbc/test/compilers/gcc-arm-none-eabi-7-2018-q2-update/bin/../lib/gcc/arm-none-eabi/7.3.1/../../../../arm-none-eabi/lib/thumb/v7e-m/fpv5/softfp/libc_nano.a(lib_a-ftello.o)
                              /home/andy/code/dbc/test/compilers/gcc-arm-none-eabi-7-2018-q2-update/bin/../lib/gcc/arm-none-eabi/7.3.1/../../../../arm-none-eabi/lib/thumb/v7e-m/fpv5/softfp/libc_nano.a(lib_a-ftell.o) (_ftello_r)
/home/andy/code/dbc/test/compilers/gcc-arm-none-eabi-7-2018-q2-update/bin/../lib/gcc/arm-none-eabi/7.3.1/../../../../arm-none-eabi/lib/thumb/v7e-m/fpv5/softfp/libc_nano.a(lib_a-fwalk.o)
[...]
Memory Configuration

Name             Origin             Length             Attributes
FLASH            0x0000000008000000 0x0000000000020000 xr
DTCMRAM          0x0000000020000298 0x000000000001fd68 xrw
RAM              0x0000000024000000 0x0000000000080000 xrw
RAM_D2           0x0000000030000000 0x0000000000048000 xrw
RAM_D3           0x0000000038000000 0x0000000000010000 xrw
ITCMRAM          0x0000000000000000 0x0000000000010000 xrw
*default*        0x0000000000000000 0xffffffffffffffff

Linker script and memory map

LOAD /home/andy/code/dbc/test/compilers/gcc-arm-none-eabi-7-2018-q2-update/bin/../lib/gcc/arm-none-eabi/7.3.1/thumb/v7e-m/fpv5/softfp/crti.o
LOAD /home/andy/code/dbc/test/compilers/gcc-arm-none-eabi-7-2018-q2-update/bin/../lib/gcc/arm-none-eabi/7.3.1/thumb/v7e-m/fpv5/softfp/crtbegin.o
LOAD /home/andy/code/dbc/test/compilers/gcc-arm-none-eabi-7-2018-q2-update/bin/../lib/gcc/arm-none-eabi/7.3.1/../../../../arm-none-eabi/lib/thumb/v7e-m/fpv5/softfp/crt0.o
LOAD BUILD/GIGA/GCC_ARM-CUSTOM/mbed-os/cmsis/CMSIS_5/CMSIS/RTOS2/RTX/Source/TOOLCHAIN_GCC/TARGET_RTOS_M4_M7/irq_cm4f.o
LOAD BUILD/GIGA/GCC_ARM-CUSTOM/mbed-os/targets/TARGET_STM/TARGET_STM32H7/TARGET_STM32H747xI/TARGET_STM32H747xI_CM7/TOOLCHAIN_GCC_ARM/startup_stm32h747xx.o
LOAD /tmp/ccPT7ssV.ltrans0.ltrans.o
LOAD /tmp/ccPT7ssV.ltrans1.ltrans.o
LOAD /tmp/ccPT7ssV.ltrans2.ltrans.o
LOAD /tmp/ccPT7ssV.ltrans3.ltrans.o
LOAD /tmp/ccPT7ssV.ltrans4.ltrans.o
LOAD BUILD/GIGA/GCC_ARM-CUSTOM/mbed-os/platform/source/TARGET_CORTEX_M/TOOLCHAIN_GCC/except.o
START GROUP
LOAD /home/andy/code/dbc/test/compilers/gcc-arm-none-eabi-7-2018-q2-update/bin/../lib/gcc/arm-none-eabi/7.3.1/../../../../arm-none-eabi/lib/thumb/v7e-m/fpv5/softfp/libstdc++_nano.a
LOAD /home/andy/code/dbc/test/compilers/gcc-arm-none-eabi-7-2018-q2-update/bin/../lib/gcc/arm-none-eabi/7.3.1/../../../../arm-none-eabi/lib/thumb/v7e-m/fpv5/softfp/libsupc++_nano.a
LOAD /home/andy/code/dbc/test/compilers/gcc-arm-none-eabi-7-2018-q2-update/bin/../lib/gcc/arm-none-eabi/7.3.1/../../../../arm-none-eabi/lib/thumb/v7e-m/fpv5/softfp/libm.a
LOAD /home/andy/code/dbc/test/compilers/gcc-arm-none-eabi-7-2018-q2-update/bin/../lib/gcc/arm-none-eabi/7.3.1/../../../../arm-none-eabi/lib/thumb/v7e-m/fpv5/softfp/libc_nano.a
LOAD /home/andy/code/dbc/test/compilers/gcc-arm-none-eabi-7-2018-q2-update/bin/../lib/gcc/arm-none-eabi/7.3.1/thumb/v7e-m/fpv5/softfp/libgcc.a
LOAD /home/andy/code/dbc/test/compilers/gcc-arm-none-eabi-7-2018-q2-update/bin/../lib/gcc/arm-none-eabi/7.3.1/../../../../arm-none-eabi/lib/thumb/v7e-m/fpv5/softfp/libnosys.a
END GROUP
LOAD /home/andy/code/dbc/test/compilers/gcc-arm-none-eabi-7-2018-q2-update/bin/../lib/gcc/arm-none-eabi/7.3.1/../../../../arm-none-eabi/lib/thumb/v7e-m/fpv5/softfp/libstdc++_nano.a
LOAD /home/andy/code/dbc/test/compilers/gcc-arm-none-eabi-7-2018-q2-update/bin/../lib/gcc/arm-none-eabi/7.3.1/../../../../arm-none-eabi/lib/thumb/v7e-m/fpv5/softfp/libsupc++_nano.a
LOAD /home/andy/code/dbc/test/compilers/gcc-arm-none-eabi-7-2018-q2-update/bin/../lib/gcc/arm-none-eabi/7.3.1/../../../../arm-none-eabi/lib/thumb/v7e-m/fpv5/softfp/libm.a
LOAD /home/andy/code/dbc/test/compilers/gcc-arm-none-eabi-7-2018-q2-update/bin/../lib/gcc/arm-none-eabi/7.3.1/../../../../arm-none-eabi/lib/thumb/v7e-m/fpv5/softfp/libc_nano.a
LOAD /home/andy/code/dbc/test/compilers/gcc-arm-none-eabi-7-2018-q2-update/bin/../lib/gcc/arm-none-eabi/7.3.1/thumb/v7e-m/fpv5/softfp/libgcc.a
LOAD /home/andy/code/dbc/test/compilers/gcc-arm-none-eabi-7-2018-q2-update/bin/../lib/gcc/arm-none-eabi/7.3.1/../../../../arm-none-eabi/lib/thumb/v7e-m/fpv5/softfp/libnosys.a
START GROUP
LOAD /home/andy/code/dbc/test/compilers/gcc-arm-none-eabi-7-2018-q2-update/bin/../lib/gcc/arm-none-eabi/7.3.1/thumb/v7e-m/fpv5/softfp/libgcc.a
LOAD /home/andy/code/dbc/test/compilers/gcc-arm-none-eabi-7-2018-q2-update/bin/../lib/gcc/arm-none-eabi/7.3.1/../../../../arm-none-eabi/lib/thumb/v7e-m/fpv5/softfp/libg_nano.a
LOAD /home/andy/code/dbc/test/compilers/gcc-arm-none-eabi-7-2018-q2-update/bin/../lib/gcc/arm-none-eabi/7.3.1/../../../../arm-none-eabi/lib/thumb/v7e-m/fpv5/softfp/libc_nano.a
END GROUP
START GROUP
LOAD /home/andy/code/dbc/test/compilers/gcc-arm-none-eabi-7-2018-q2-update/bin/../lib/gcc/arm-none-eabi/7.3.1/thumb/v7e-m/fpv5/softfp/libgcc.a
LOAD /home/andy/code/dbc/test/compilers/gcc-arm-none-eabi-7-2018-q2-update/bin/../lib/gcc/arm-none-eabi/7.3.1/../../../../arm-none-eabi/lib/thumb/v7e-m/fpv5/softfp/libc_nano.a
END GROUP
LOAD /home/andy/code/dbc/test/compilers/gcc-arm-none-eabi-7-2018-q2-update/bin/../lib/gcc/arm-none-eabi/7.3.1/thumb/v7e-m/fpv5/softfp/crtend.o
LOAD /home/andy/code/dbc/test/compilers/gcc-arm-none-eabi-7-2018-q2-update/bin/../lib/gcc/arm-none-eabi/7.3.1/thumb/v7e-m/fpv5/softfp/crtn.o
                0x000000000802f000                _ConfigStart = 0x802f000
                0x00000000080002f0                _IdentificationStart = 0x80002f0
                0x0000000008000300                _EncryptKeyStart = 0x8000300
                0x0000000008000400                _SigningKeyStart = 0x8000400

.text           0x0000000008000000    0x1f00b
 *(.isr_vector)
 .isr_vector    0x0000000008000000      0x298 BUILD/GIGA/GCC_ARM-CUSTOM/mbed-os/targets/TARGET_STM/TARGET_STM32H7/TARGET_STM32H747xI/TARGET_STM32H747xI_CM7/TOOLCHAIN_GCC_ARM/startup_stm32h747xx.o
                0x0000000008000000                g_pfnVectors
                0x00000000080002f0                . = ABSOLUTE (0x80002f0)
 *fill*         0x0000000008000298       0x58 
 *(.bootloader_identification)
 .bootloader_identification
                0x00000000080002f0       0x10 /tmp/ccPT7ssV.ltrans0.ltrans.o
                0x00000000080002f0                bootloader_identifier
 *(.signing_key)
 .signing_key   0x0000000008000300      0x100 /tmp/ccPT7ssV.ltrans1.ltrans.o
                0x0000000008000300                ecdsa_pub_key
 *(.encrypt_key)
 .encrypt_key   0x0000000008000400      0x100 /tmp/ccPT7ssV.ltrans1.ltrans.o
                0x0000000008000400                enc_priv_key
 *(.text*)
 .text          0x0000000008000500       0x40 /home/andy/code/dbc/test/compilers/gcc-arm-none-eabi-7-2018-q2-update/bin/../lib/gcc/arm-none-eabi/7.3.1/thumb/v7e-m/fpv5/softfp/crtbegin.o
 .text          0x0000000008000540       0x74 /home/andy/code/dbc/test/compilers/gcc-arm-none-eabi-7-2018-q2-update/bin/../lib/gcc/arm-none-eabi/7.3.1/../../../../arm-none-eabi/lib/thumb/v7e-m/fpv5/softfp/crt0.o
                0x0000000008000540                _start
                0x0000000008000540                _mainCRTStartup
 .text          0x00000000080005b4       0xc8 BUILD/GIGA/GCC_ARM-CUSTOM/mbed-os/cmsis/CMSIS_5/CMSIS/RTOS2/RTX/Source/TOOLCHAIN_GCC/TARGET_RTOS_M4_M7/irq_cm4f.o
                0x00000000080005b4                SVC_Handler
                0x000000000800064e                PendSV_Handler
                0x000000000800065e                SysTick_Handler
 .text.Reset_Handler
                0x000000000800067c       0x4c BUILD/GIGA/GCC_ARM-CUSTOM/mbed-os/targets/TARGET_STM/TARGET_STM32H7/TARGET_STM32H747xI/TARGET_STM32H747xI_CM7/TOOLCHAIN_GCC_ARM/startup_stm32h747xx.o
                0x000000000800067c                Reset_Handler
 .text.Default_Handler
                0x00000000080006c8        0x2 BUILD/GIGA/GCC_ARM-CUSTOM/mbed-os/targets/TARGET_STM/TARGET_STM32H7/TARGET_STM32H747xI/TARGET_STM32H747xI_CM7/TOOLCHAIN_GCC_ARM/startup_stm32h747xx.o
                0x00000000080006c8                LTDC_ER_IRQHandler
                0x00000000080006c8                DMA2_Stream5_IRQHandler
                0x00000000080006c8                FDCAN1_IT1_IRQHandler
                0x00000000080006c8                OTG_HS_WKUP_IRQHandler
                0x00000000080006c8                DFSDM1_FLT1_IRQHandler
                0x00000000080006c8                HRTIM1_TIMA_IRQHandler
                0x00000000080006c8                SWPMI1_IRQHandler
                0x00000000080006c8                EXTI1_IRQHandler
                0x00000000080006c8                TIM8_UP_TIM13_IRQHandler
                0x00000000080006c8                BDMA_Channel1_IRQHandler
                0x00000000080006c8                USART6_IRQHandler
                0x00000000080006c8                BDMA_Channel4_IRQHandler
                0x00000000080006c8                WWDG_RST_IRQHandler
                0x00000000080006c8                DMA2_Stream7_IRQHandler
                0x00000000080006c8                CRS_IRQHandler
                0x00000000080006c8                SAI2_IRQHandler
                0x00000000080006c8                ADC3_IRQHandler
                0x00000000080006c8                UART4_IRQHandler
                0x00000000080006c8                OTG_FS_WKUP_IRQHandler
                0x00000000080006c8                JPEG_IRQHandler
                0x00000000080006c8                TIM8_CC_IRQHandler
                0x00000000080006c8                ETH_IRQHandler
                0x00000000080006c8                SPI2_IRQHandler
                0x00000000080006c8                EXTI9_5_IRQHandler
                0x00000000080006c8                HRTIM1_TIME_IRQHandler
                0x00000000080006c8                SPI1_IRQHandler
                0x00000000080006c8                HRTIM1_TIMB_IRQHandler
                0x00000000080006c8                TIM5_IRQHandler
                0x00000000080006c8                TIM17_IRQHandler
                0x00000000080006c8                BDMA_Channel3_IRQHandler
                0x00000000080006c8                FDCAN2_IT0_IRQHandler
                0x00000000080006c8                ADC_IRQHandler
                0x00000000080006c8                BDMA_Channel5_IRQHandler
                0x00000000080006c8                I2C4_EV_IRQHandler
                0x00000000080006c8                BDMA_Channel7_IRQHandler
                0x00000000080006c8                LPTIM5_IRQHandler
                0x00000000080006c8                DMA1_Stream6_IRQHandler
                0x00000000080006c8                DMA1_Stream1_IRQHandler
                0x00000000080006c8                WWDG_IRQHandler
                0x00000000080006c8                WAKEUP_PIN_IRQHandler
                0x00000000080006c8                DMA2D_IRQHandler
                0x00000000080006c8                DMA2_Stream0_IRQHandler
                0x00000000080006c8                HSEM2_IRQHandler
                0x00000000080006c8                I2C3_EV_IRQHandler
                0x00000000080006c8                SPI4_IRQHandler
                0x00000000080006c8                DMA1_Stream2_IRQHandler
                0x00000000080006c8                RCC_IRQHandler
                0x00000000080006c8                I2C1_ER_IRQHandler
                0x00000000080006c8                HRTIM1_Master_IRQHandler
                0x00000000080006c8                SAI4_IRQHandler
                0x00000000080006c8                HOLD_CORE_IRQHandler
                0x00000000080006c8                DMA2_Stream3_IRQHandler
                0x00000000080006c8                BDMA_Channel0_IRQHandler
                0x00000000080006c8                HRTIM1_TIMC_IRQHandler
                0x00000000080006c8                OTG_HS_EP1_OUT_IRQHandler
                0x00000000080006c8                DMA2_Stream4_IRQHandler
                0x00000000080006c8                TIM1_UP_IRQHandler
                0x00000000080006c8                SAI1_IRQHandler
                0x00000000080006c8                I2C2_EV_IRQHandler
                0x00000000080006c8                CEC_IRQHandler
                0x00000000080006c8                OTG_FS_EP1_OUT_IRQHandler
                0x00000000080006c8                LPUART1_IRQHandler
                0x00000000080006c8                DMAMUX2_OVR_IRQHandler
                0x00000000080006c8                TIM3_IRQHandler
                0x00000000080006c8                SPI6_IRQHandler
                0x00000000080006c8                USART2_IRQHandler
                0x00000000080006c8                DMA1_Stream0_IRQHandler
                0x00000000080006c8                CM4_SEV_IRQHandler
                0x00000000080006c8                DMA1_Stream7_IRQHandler
                0x00000000080006c8                HardFault_Handler
                0x00000000080006c8                TIM6_DAC_IRQHandler
                0x00000000080006c8                DMA1_Stream4_IRQHandler
                0x00000000080006c8                SDMMC2_IRQHandler
                0x00000000080006c8                TIM8_TRG_COM_TIM14_IRQHandler
                0x00000000080006c8                LTDC_IRQHandler
                0x00000000080006c8                PVD_AVD_IRQHandler
                0x00000000080006c8                FMC_IRQHandler
                0x00000000080006c8                ECC_IRQHandler
                0x00000000080006c8                FLASH_IRQHandler
                0x00000000080006c8                DSI_IRQHandler
                0x00000000080006c8                QUADSPI_IRQHandler
                0x00000000080006c8                EXTI15_10_IRQHandler
                0x00000000080006c8                TIM8_BRK_TIM12_IRQHandler
                0x00000000080006c8                TIM1_BRK_IRQHandler
                0x00000000080006c8                BDMA_Channel2_IRQHandler
                0x00000000080006c8                USART1_IRQHandler
                0x00000000080006c8                RTC_WKUP_IRQHandler
                0x00000000080006c8                TIM2_IRQHandler
                0x00000000080006c8                I2C4_ER_IRQHandler
                0x00000000080006c8                BusFault_Handler
                0x00000000080006c8                TAMP_STAMP_IRQHandler
                0x00000000080006c8                DMA2_Stream6_IRQHandler
                0x00000000080006c8                LPTIM2_IRQHandler
                0x00000000080006c8                LPTIM4_IRQHandler
                0x00000000080006c8                DebugMon_Handler
                0x00000000080006c8                COMP1_IRQHandler
                0x00000000080006c8                DFSDM1_FLT2_IRQHandler
                0x00000000080006c8                SDMMC1_IRQHandler
                0x00000000080006c8                OTG_HS_EP1_IN_IRQHandler
                0x00000000080006c8                LPTIM3_IRQHandler
                0x00000000080006c8                Default_Handler
                0x00000000080006c8                FDCAN1_IT0_IRQHandler
                0x00000000080006c8                DMAMUX1_OVR_IRQHandler
                0x00000000080006c8                RNG_IRQHandler
                0x00000000080006c8                ETH_WKUP_IRQHandler
                0x00000000080006c8                EXTI2_IRQHandler
                0x00000000080006c8                OTG_FS_IRQHandler
                0x00000000080006c8                OTG_FS_EP1_IN_IRQHandler
                0x00000000080006c8                UART5_IRQHandler
                0x00000000080006c8                DMA1_Stream5_IRQHandler
                0x00000000080006c8                UART8_IRQHandler
                0x00000000080006c8                FDCAN_CAL_IRQHandler
                0x00000000080006c8                TIM4_IRQHandler
                0x00000000080006c8                USART3_IRQHandler
                0x00000000080006c8                UART7_IRQHandler
                0x00000000080006c8                DFSDM1_FLT3_IRQHandler
                0x00000000080006c8                I2C3_ER_IRQHandler
                0x00000000080006c8                NMI_Handler
                0x00000000080006c8                BDMA_Channel6_IRQHandler
                0x00000000080006c8                SAI3_IRQHandler
                0x00000000080006c8                TIM15_IRQHandler
                0x00000000080006c8                TIM16_IRQHandler
                0x00000000080006c8                HRTIM1_TIMD_IRQHandler
                0x00000000080006c8                EXTI3_IRQHandler
                0x00000000080006c8                I2C2_ER_IRQHandler
                0x00000000080006c8                SPDIF_RX_IRQHandler
                0x00000000080006c8                MDIOS_IRQHandler
                0x00000000080006c8                TIM1_TRG_COM_IRQHandler
                0x00000000080006c8                DMA2_Stream2_IRQHandler
                0x00000000080006c8                DMA2_Stream1_IRQHandler
                0x00000000080006c8                FPU_IRQHandler
                0x00000000080006c8                DCMI_IRQHandler
                0x00000000080006c8                FDCAN2_IT1_IRQHandler
                0x00000000080006c8                I2C1_EV_IRQHandler
                0x00000000080006c8                TIM1_CC_IRQHandler
                0x00000000080006c8                CM7_SEV_IRQHandler
                0x00000000080006c8                LPTIM1_IRQHandler
                0x00000000080006c8                SPI3_IRQHandler
                0x00000000080006c8                DFSDM1_FLT0_IRQHandler
                0x00000000080006c8                UsageFault_Handler
                0x00000000080006c8                OTG_HS_IRQHandler
                0x00000000080006c8                MDIOS_WKUP_IRQHandler
                0x00000000080006c8                DMA1_Stream3_IRQHandler
                0x00000000080006c8                SPI5_IRQHandler
                0x00000000080006c8                TIM7_IRQHandler
                0x00000000080006c8                MemManage_Handler
                0x00000000080006c8                EXTI0_IRQHandler
                0x00000000080006c8                RTC_Alarm_IRQHandler
                0x00000000080006c8                EXTI4_IRQHandler
                0x00000000080006c8                MDMA_IRQHandler
                0x00000000080006c8                HRTIM1_FLT_IRQHandler
 .text.mbedtls_asn1_get_len
                0x00000000080006ca       0x92 /tmp/ccPT7ssV.ltrans0.ltrans.o
 .text.rtos_event_pending
                0x000000000800075c       0x10 /tmp/ccPT7ssV.ltrans0.ltrans.o
 .text.osRtxIdleThread
                0x000000000800076c        0x8 /tmp/ccPT7ssV.ltrans0.ltrans.o
 .text.svcRtxThreadGetId
                0x0000000008000774        0xc /tmp/ccPT7ssV.ltrans0.ltrans.o
 .text.osRtxThreadBlock
                0x0000000008000780       0x30 /tmp/ccPT7ssV.ltrans0.ltrans.o
 .text.osRtxThreadRegPtr
                0x00000000080007b0       0x14 /tmp/ccPT7ssV.ltrans0.ltrans.o
 .text.osRtxThreadDelayRemove
                0x00000000080007c4       0x40 /tmp/ccPT7ssV.ltrans0.ltrans.o
 .text.osRtxThreadListRemove
                0x0000000008000804       0x14 /tmp/ccPT7ssV.ltrans0.ltrans.o
 .text.osRtxThreadListRoot
                0x0000000008000818        0xc /tmp/ccPT7ssV.ltrans0.ltrans.o
 .text.osRtxThreadListGet
                0x0000000008000824       0x12 /tmp/ccPT7ssV.ltrans0.ltrans.o
 *fill*         0x0000000008000836        0x2 
 .text.osRtxThreadWaitEnter
                0x0000000008000838       0x88 /tmp/ccPT7ssV.ltrans0.ltrans.o
 .text.osRtxThreadListPut
                0x00000000080008c0       0x24 /tmp/ccPT7ssV.ltrans0.ltrans.o
 .text.osRtxThreadReadyPut
                0x00000000080008e4       0x10 /tmp/ccPT7ssV.ltrans0.ltrans.o
 .text.osRtxThreadDispatch
                0x00000000080008f4       0x50 /tmp/ccPT7ssV.ltrans0.ltrans.o
 .text.osRtxThreadWaitExit
                0x0000000008000944       0x24 /tmp/ccPT7ssV.ltrans0.ltrans.o
 .text.osRtxThreadJoinWakeup
                0x0000000008000968       0x1e /tmp/ccPT7ssV.ltrans0.ltrans.o
 .text.osRtxThreadListSort
                0x0000000008000986       0x24 /tmp/ccPT7ssV.ltrans0.ltrans.o
 *fill*         0x00000000080009aa        0x2 
 .text.osRtxThreadDelayTick
                0x00000000080009ac       0x9c /tmp/ccPT7ssV.ltrans0.ltrans.o
 .text.atomic_chk32_any.lto_priv.387
                0x0000000008000a48       0x22 /tmp/ccPT7ssV.ltrans0.ltrans.o
 .text.atomic_chk32_all.lto_priv.389
                0x0000000008000a6a       0x26 /tmp/ccPT7ssV.ltrans0.ltrans.o
 .text.osRtxThreadPostProcess
                0x0000000008000a90       0x4a /tmp/ccPT7ssV.ltrans0.ltrans.o
 .text.atomic_dec16_nz.lto_priv.391
                0x0000000008000ada       0x1a /tmp/ccPT7ssV.ltrans0.ltrans.o
 .text.atomic_inc16_lim
                0x0000000008000af4       0x1a /tmp/ccPT7ssV.ltrans0.ltrans.o
 .text.atomic_inc16_lt.lto_priv.393
                0x0000000008000b0e       0x1e /tmp/ccPT7ssV.ltrans0.ltrans.o
 .text.svcRtxSemaphoreRelease
                0x0000000008000b2c       0x3c /tmp/ccPT7ssV.ltrans0.ltrans.o
 .text.osRtxSemaphorePostProcess
                0x0000000008000b68       0x24 /tmp/ccPT7ssV.ltrans0.ltrans.o
 .text.svcRtxMutexRelease
                0x0000000008000b8c       0xa8 /tmp/ccPT7ssV.ltrans0.ltrans.o
 .text.svcRtxMutexAcquire.lto_priv.296
                0x0000000008000c34       0x90 /tmp/ccPT7ssV.ltrans0.ltrans.o
                0x0000000008000c34                svcRtxMutexAcquire.lto_priv.296
 .text.osRtxMutexOwnerRelease
                0x0000000008000cc4       0x44 /tmp/ccPT7ssV.ltrans0.ltrans.o
 .text.atomic_inc32.lto_priv.395
                0x0000000008000d08       0x12 /tmp/ccPT7ssV.ltrans0.ltrans.o
 .text.MessageQueuePut
                0x0000000008000d1a       0x40 /tmp/ccPT7ssV.ltrans0.ltrans.o
 .text.osRtxMemoryPoolFree
                0x0000000008000d5a       0x48 /tmp/ccPT7ssV.ltrans0.ltrans.o
 .text.osRtxMemoryPoolAlloc
                0x0000000008000da2       0x2e /tmp/ccPT7ssV.ltrans0.ltrans.o
 .text.osRtxMemoryPoolInit
                0x0000000008000dd0       0x42 /tmp/ccPT7ssV.ltrans0.ltrans.o
 .text.osRtxMemoryFree
                0x0000000008000e12       0x46 /tmp/ccPT7ssV.ltrans0.ltrans.o
 .text.osRtxThreadDestroy
                0x0000000008000e58       0x6c /tmp/ccPT7ssV.ltrans0.ltrans.o
 .text.svcRtxThreadTerminate.lto_priv.355
                0x0000000008000ec4       0x8c /tmp/ccPT7ssV.ltrans0.ltrans.o
                0x0000000008000ec4                svcRtxThreadTerminate.lto_priv.355
 .text.svcRtxThreadExit
                0x0000000008000f50       0x44 /tmp/ccPT7ssV.ltrans0.ltrans.o
 .text.svcRtxSemaphoreDelete.lto_priv.354
                0x0000000008000f94       0x60 /tmp/ccPT7ssV.ltrans0.ltrans.o
                0x0000000008000f94                svcRtxSemaphoreDelete.lto_priv.354
 .text.svcRtxMutexDelete
                0x0000000008000ff4       0xa8 /tmp/ccPT7ssV.ltrans0.ltrans.o
 .text.osRtxMemoryAlloc
                0x000000000800109c       0x64 /tmp/ccPT7ssV.ltrans0.ltrans.o
 .text.svcRtxThreadNew
                0x0000000008001100      0x1b8 /tmp/ccPT7ssV.ltrans0.ltrans.o
 .text.svcRtxSemaphoreNew.lto_priv.294
                0x00000000080012b8       0x78 /tmp/ccPT7ssV.ltrans0.ltrans.o
                0x00000000080012b8                svcRtxSemaphoreNew.lto_priv.294
 .text.svcRtxMutexNew
                0x0000000008001330       0x6c /tmp/ccPT7ssV.ltrans0.ltrans.o
 .text.osRtxMemoryInit
                0x000000000800139c       0x32 /tmp/ccPT7ssV.ltrans0.ltrans.o
 *fill*         0x00000000080013ce        0x2 
 .text.svcRtxKernelGetTickCount.lto_priv.361
                0x00000000080013d0        0xc /tmp/ccPT7ssV.ltrans0.ltrans.o
                0x00000000080013d0                svcRtxKernelGetTickCount.lto_priv.361
 .text.svcRtxKernelInitialize
                0x00000000080013dc       0x7c /tmp/ccPT7ssV.ltrans0.ltrans.o
 .text.GetKernelSleepTime
                0x0000000008001458       0x20 /tmp/ccPT7ssV.ltrans0.ltrans.o
 .text.svcRtxEventFlagsNew.lto_priv.295
                0x0000000008001478       0x68 /tmp/ccPT7ssV.ltrans0.ltrans.o
                0x0000000008001478                svcRtxEventFlagsNew.lto_priv.295
 .text.svcRtxDelay.lto_priv.353
                0x00000000080014e0       0x1c /tmp/ccPT7ssV.ltrans0.ltrans.o
                0x00000000080014e0                svcRtxDelay.lto_priv.353
 .text._Z16getOTABinaryBasem
                0x00000000080014fc       0x30 /tmp/ccPT7ssV.ltrans0.ltrans.o
 .text.__NVIC_SystemReset.lto_priv.399
                0x000000000800152c       0x24 /tmp/ccPT7ssV.ltrans0.ltrans.o
 .text._ZN4mbed6detail8invoke_rIvRPFvvEJELi0EEET_OT0_DpOT1_
                0x0000000008001550        0x4 /tmp/ccPT7ssV.ltrans0.ltrans.o
 .text._ZN4mbed8CallbackIFvvEE11target_callIPS1_EEvPKNS_6detail12CallbackBaseE
                0x0000000008001554        0x4 /tmp/ccPT7ssV.ltrans0.ltrans.o
 .text.gpio_write
                0x0000000008001558       0x30 /tmp/ccPT7ssV.ltrans0.ltrans.o
 .text._ZL17led_swap_feedbackv
                0x0000000008001588       0x38 /tmp/ccPT7ssV.ltrans0.ltrans.o
 .text._ZNK4mbed15FileBlockDevice8get_typeEv
                0x00000000080015c0        0x8 /tmp/ccPT7ssV.ltrans0.ltrans.o
 .text._ZNK4mbed15FileBlockDevice4sizeEv
                0x00000000080015c8        0x6 /tmp/ccPT7ssV.ltrans0.ltrans.o
 .text._ZNK4mbed15FileBlockDevice14get_erase_sizeEy
                0x00000000080015ce        0x6 /tmp/ccPT7ssV.ltrans0.ltrans.o
 .text._ZNK4mbed15FileBlockDevice14get_erase_sizeEv
                0x00000000080015d4        0x6 /tmp/ccPT7ssV.ltrans0.ltrans.o
 .text._ZNK4mbed15FileBlockDevice16get_program_sizeEv
                0x00000000080015da        0x6 /tmp/ccPT7ssV.ltrans0.ltrans.o
 .text._ZNK4mbed15FileBlockDevice13get_read_sizeEv
                0x00000000080015e0        0x6 /tmp/ccPT7ssV.ltrans0.ltrans.o
 .text._ZNK4mbed15FileBlockDevice13is_valid_readEyy
                0x00000000080015e6       0x24 /tmp/ccPT7ssV.ltrans0.ltrans.o
 .text._ZN4mbed15FileBlockDevice4syncEv
                0x000000000800160a        0x4 /tmp/ccPT7ssV.ltrans0.ltrans.o
                0x000000000800160a                mbed::FileBlockDevice::sync()
 .text._ZN4mbed15FileBlockDeviceD2Ev
                0x000000000800160e        0x2 /tmp/ccPT7ssV.ltrans0.ltrans.o
 .text._ZN4mbed6detail8invoke_rIvRKPFvP9writeInfoEJRKS3_ELi0EEET_OT0_DpOT1_
                0x0000000008001610        0x6 /tmp/ccPT7ssV.ltrans0.ltrans.o
 .text._ZN4mbed6detail8invoke_rIvRKMN6events10EventQueueEFvvEJRKPS3_ELi0EEET_OT0_DpOT1_
                0x0000000008001616       0x1c /tmp/ccPT7ssV.ltrans0.ltrans.o
 .text._ZN6events10EventQueue13function_dtorIN4mbed8CallbackIFvvEEEEEvPv
                0x0000000008001632        0x2 /tmp/ccPT7ssV.ltrans0.ltrans.o
 .text._ZZN4mbed8CallbackIFvvEEC4IPFvP9writeInfoES5_Li0EEET_T0_ENKUlvE_clEv
                0x0000000008001634        0x6 /tmp/ccPT7ssV.ltrans0.ltrans.o
 .text._ZN4mbed6detail8invoke_rIvRZNS_8CallbackIFvvEEC4IPFvP9writeInfoES7_Li0EEET_T0_EUlvE_JELi0EEESA_OSB_DpOT1_
                0x000000000800163a        0x4 /tmp/ccPT7ssV.ltrans0.ltrans.o
 .text._ZN4mbed8CallbackIFvvEE11target_callIZNS2_C4IPFvP9writeInfoES6_Li0EEET_T0_EUlvE_EEvPKNS_6detail12CallbackBaseE
                0x000000000800163e        0x4 /tmp/ccPT7ssV.ltrans0.ltrans.o
 .text._ZZN4mbed8CallbackIFvvEEC4IPN6events10EventQueueEMS5_FvvELi0EEET_T0_ENKUlvE_clEv
                0x0000000008001642        0x8 /tmp/ccPT7ssV.ltrans0.ltrans.o
 .text._ZN4mbed6detail8invoke_rIvRZNS_8CallbackIFvvEEC4IPN6events10EventQueueEMS7_FvvELi0EEET_T0_EUlvE_JELi0EEESB_OSC_DpOT1_
                0x000000000800164a        0x4 /tmp/ccPT7ssV.ltrans0.ltrans.o
 .text._ZN4mbed8CallbackIFvvEE11target_callIZNS2_C4IPN6events10EventQueueEMS6_FvvELi0EEET_T0_EUlvE_EEvPKNS_6detail12CallbackBaseE
                0x000000000800164e        0x4 /tmp/ccPT7ssV.ltrans0.ltrans.o
 .text._Z18Flash_If_GetStatusmhPh
                0x0000000008001652        0xa /tmp/ccPT7ssV.ltrans0.ltrans.o
 .text._Z13Flash_If_ReadPhS_m
                0x000000000800165c       0x5c /tmp/ccPT7ssV.ltrans0.ltrans.o
 .text.utox8    0x00000000080016b8       0x24 /tmp/ccPT7ssV.ltrans0.ltrans.o
 .text.USBD_DFU_SerialStrDescriptor
                0x00000000080016dc       0x40 /tmp/ccPT7ssV.ltrans0.ltrans.o
 .text.USBD_DFU_LangIDStrDescriptor
                0x000000000800171c        0xc /tmp/ccPT7ssV.ltrans0.ltrans.o
 .text.USBD_DFU_DeviceDescriptor
                0x0000000008001728        0xc /tmp/ccPT7ssV.ltrans0.ltrans.o
 .text.USBD_GetString.part.3
                0x0000000008001734       0x36 /tmp/ccPT7ssV.ltrans0.ltrans.o
 *fill*         0x000000000800176a        0x2 
 .text.USBD_DFU_InterfaceStrDescriptor
                0x000000000800176c       0x1c /tmp/ccPT7ssV.ltrans0.ltrans.o
 .text.USBD_DFU_ConfigStrDescriptor
                0x0000000008001788       0x1c /tmp/ccPT7ssV.ltrans0.ltrans.o
 .text.USBD_DFU_ManufacturerStrDescriptor
                0x00000000080017a4       0x1c /tmp/ccPT7ssV.ltrans0.ltrans.o
 .text.USBD_DFU_ProductStrDescriptor
                0x00000000080017c0       0x1c /tmp/ccPT7ssV.ltrans0.ltrans.o
 .text.USBD_ClrClassConfig
                0x00000000080017dc        0xe /tmp/ccPT7ssV.ltrans0.ltrans.o
 .text.USBD_SetClassConfig
                0x00000000080017ea       0x16 /tmp/ccPT7ssV.ltrans0.ltrans.o
 .text._ZN4mbed6detail8invoke_rIvRKPFvP19_USBD_HandleTypeDefEJRKS3_ELi0EEET_OT0_DpOT1_
                0x0000000008001800        0x6 /tmp/ccPT7ssV.ltrans0.ltrans.o
 .text._ZZN4mbed8CallbackIFvvEEC4IPFvP19_USBD_HandleTypeDefES5_Li0EEET_T0_ENKUlvE_clEv
                0x0000000008001806        0x6 /tmp/ccPT7ssV.ltrans0.ltrans.o
 .text._ZN4mbed6detail8invoke_rIvRZNS_8CallbackIFvvEEC4IPFvP19_USBD_HandleTypeDefES7_Li0EEET_T0_EUlvE_JELi0EEESA_OSB_DpOT1_
                0x000000000800180c        0x4 /tmp/ccPT7ssV.ltrans0.ltrans.o
 .text._ZN4mbed8CallbackIFvvEE11target_callIZNS2_C4IPFvP19_USBD_HandleTypeDefES6_Li0EEET_T0_EUlvE_EEvPKNS_6detail12CallbackBaseE
                0x0000000008001810        0x4 /tmp/ccPT7ssV.ltrans0.ltrans.o
 .text._ZL25USBD_DFU_GetUsrStringDescP19_USBD_HandleTypeDefhPt
                0x0000000008001814       0x24 /tmp/ccPT7ssV.ltrans0.ltrans.o
 .text._ZL31USBD_DFU_GetDeviceQualifierDescPt
                0x0000000008001838        0xc /tmp/ccPT7ssV.ltrans0.ltrans.o
 .text._ZL15USBD_DFU_DataInP19_USBD_HandleTypeDefh
                0x0000000008001844        0x4 /tmp/ccPT7ssV.ltrans0.ltrans.o
 .text._ZL16USBD_DFU_DataOutP19_USBD_HandleTypeDefh
                0x0000000008001848        0x4 /tmp/ccPT7ssV.ltrans0.ltrans.o
 .text._ZL25USBD_DFU_IsoOutIncompleteP19_USBD_HandleTypeDefh
                0x000000000800184c        0x4 /tmp/ccPT7ssV.ltrans0.ltrans.o
 .text._ZL24USBD_DFU_IsoINIncompleteP19_USBD_HandleTypeDefh
                0x0000000008001850        0x4 /tmp/ccPT7ssV.ltrans0.ltrans.o
 .text._ZL20USBD_DFU_EP0_RxReadyP19_USBD_HandleTypeDef
                0x0000000008001854        0x4 /tmp/ccPT7ssV.ltrans0.ltrans.o
 .text._ZL12USBD_DFU_SOFP19_USBD_HandleTypeDef
                0x0000000008001858        0x4 /tmp/ccPT7ssV.ltrans0.ltrans.o
 .text._ZL19USBD_DFU_GetCfgDescPt
                0x000000000800185c        0xc /tmp/ccPT7ssV.ltrans0.ltrans.o
 .text._ZNK4mbed11BlockDevice14is_valid_eraseEyy
                0x0000000008001868       0x66 /tmp/ccPT7ssV.ltrans0.ltrans.o
 .text._ZNK4mbed11BlockDevice16is_valid_programEyy
                0x00000000080018ce       0x60 /tmp/ccPT7ssV.ltrans0.ltrans.o
                0x00000000080018ce                mbed::BlockDevice::is_valid_program(unsigned long long, unsigned long long) const
 .text._ZNK4mbed11BlockDevice13is_valid_readEyy
                0x000000000800192e       0x60 /tmp/ccPT7ssV.ltrans0.ltrans.o
                0x000000000800192e                mbed::BlockDevice::is_valid_read(unsigned long long, unsigned long long) const
 .text._ZN4mbed11BlockDevice4trimEyy
                0x000000000800198e        0x4 /tmp/ccPT7ssV.ltrans0.ltrans.o
                0x000000000800198e                mbed::BlockDevice::trim(unsigned long long, unsigned long long)
 *fill*         0x0000000008001992        0x2 
 .text._ZN4mbed8CallbackIFvvEE8generateIPS1_vEEvOT_
                0x0000000008001994       0x18 /tmp/ccPT7ssV.ltrans0.ltrans.o
 .text.svcRtxMessageQueueGet
                0x00000000080019ac      0x110 /tmp/ccPT7ssV.ltrans0.ltrans.o
 .text.osRtxMessageQueuePostProcess
                0x0000000008001abc       0xcc /tmp/ccPT7ssV.ltrans0.ltrans.o
 .text.svcRtxMessageQueuePut
                0x0000000008001b88       0xb4 /tmp/ccPT7ssV.ltrans0.ltrans.o
 .text._ZN4mbed15FileBlockDeviceD0Ev
                0x0000000008001c3c        0xc /tmp/ccPT7ssV.ltrans0.ltrans.o
 .text._ZL15USBD_DFU_DeInitP19_USBD_HandleTypeDefh
                0x0000000008001c48       0x3c /tmp/ccPT7ssV.ltrans0.ltrans.o
 .text.OS_Tick_Enable
                0x0000000008001c84       0x34 /tmp/ccPT7ssV.ltrans0.ltrans.o
 .text.svcRtxKernelResume
                0x0000000008001cb8       0x80 /tmp/ccPT7ssV.ltrans0.ltrans.o
 .text.svcRtxKernelSuspend
                0x0000000008001d38       0x54 /tmp/ccPT7ssV.ltrans0.ltrans.o
 .text.osRtxPostProcess
                0x0000000008001d8c       0x50 /tmp/ccPT7ssV.ltrans0.ltrans.o
 .text.osRtxTimerSetup
                0x0000000008001ddc       0x4c /tmp/ccPT7ssV.ltrans0.ltrans.o
 .text.svcRtxKernelStart
                0x0000000008001e28       0xc0 /tmp/ccPT7ssV.ltrans0.ltrans.o
 .text.RTCSetBKPRegister
                0x0000000008001ee8       0x38 /tmp/ccPT7ssV.ltrans0.ltrans.o
 .text.RTCGetBKPRegister
                0x0000000008001f20       0x38 /tmp/ccPT7ssV.ltrans0.ltrans.o
 .text._Z13delayed_writeP9writeInfo
                0x0000000008001f58       0x24 /tmp/ccPT7ssV.ltrans0.ltrans.o
                0x0000000008001f58                delayed_write(writeInfo*)
 .text._ZL13USBD_DFU_InitP19_USBD_HandleTypeDefh
                0x0000000008001f7c       0x58 /tmp/ccPT7ssV.ltrans0.ltrans.o
 .text._ZN4mbed15FileBlockDevice4readEPvyy
                0x0000000008001fd4       0x60 /tmp/ccPT7ssV.ltrans0.ltrans.o
 .text._Z14Flash_If_Erasem
                0x0000000008002034       0x6c /tmp/ccPT7ssV.ltrans0.ltrans.o
 .text.USBD_CtlSendData
                0x00000000080020a0       0x18 /tmp/ccPT7ssV.ltrans0.ltrans.o
 .text.USBD_CtlSendStatus
                0x00000000080020b8       0x18 /tmp/ccPT7ssV.ltrans0.ltrans.o
 .text.USBD_Stop
                0x00000000080020d0       0x68 /tmp/ccPT7ssV.ltrans0.ltrans.o
 .text._ZL6rebootP19_USBD_HandleTypeDef.lto_priv.297
                0x0000000008002138        0xa /tmp/ccPT7ssV.ltrans0.ltrans.o
                0x0000000008002138                reboot(_USBD_HandleTypeDef*) [clone .lto_priv.297]
 *fill*         0x0000000008002142        0x2 
 .text._ZL14USBD_DFU_SetupP19_USBD_HandleTypeDefP13usb_setup_req
                0x0000000008002144      0x3a8 /tmp/ccPT7ssV.ltrans0.ltrans.o
 .text._ZN4mbed15FileBlockDevice5eraseEyy
                0x00000000080024ec       0x90 /tmp/ccPT7ssV.ltrans0.ltrans.o
 .text._ZN4mbed15FileBlockDevice7programEPKvyy
                0x000000000800257c       0x60 /tmp/ccPT7ssV.ltrans0.ltrans.o
 .text._ZN4mbed15FileBlockDevice6deinitEv
                0x00000000080025dc        0xc /tmp/ccPT7ssV.ltrans0.ltrans.o
 .text._ZN4mbed15FileBlockDevice4initEv
                0x00000000080025e8       0x70 /tmp/ccPT7ssV.ltrans0.ltrans.o
 .text._ZNK4mbed8CallbackIFvvEE4callEv
                0x0000000008002658       0x14 /tmp/ccPT7ssV.ltrans0.ltrans.o
 .text._Z15Flash_If_DeInitv
                0x000000000800266c       0x64 /tmp/ccPT7ssV.ltrans0.ltrans.o
 .text._ZL20USBD_DFU_EP0_TxReadyP19_USBD_HandleTypeDef
                0x00000000080026d0      0x174 /tmp/ccPT7ssV.ltrans0.ltrans.o
 .text._ZL21led_swap_feedback_offv
                0x0000000008002844       0x48 /tmp/ccPT7ssV.ltrans0.ltrans.o
 .text.mbedtls_mpi_cmp_mpi
                0x000000000800288c       0x80 /tmp/ccPT7ssV.ltrans0.ltrans.o
                0x000000000800288c                mbedtls_mpi_cmp_mpi
 .text.mbedtls_mpi_cmp_int
                0x000000000800290c       0x2c /tmp/ccPT7ssV.ltrans0.ltrans.o
                0x000000000800290c                mbedtls_mpi_cmp_int
 .text.mbedtls_mpi_cmp_abs
                0x0000000008002938       0x62 /tmp/ccPT7ssV.ltrans0.ltrans.o
                0x0000000008002938                mbedtls_mpi_cmp_abs
 .text.mbedtls_mpi_write_binary
                0x000000000800299a       0x6a /tmp/ccPT7ssV.ltrans0.ltrans.o
                0x000000000800299a                mbedtls_mpi_write_binary
 .text.mpi_bigendian_to_host.lto_priv.381
                0x0000000008002a04       0x26 /tmp/ccPT7ssV.ltrans0.ltrans.o
                0x0000000008002a04                mpi_bigendian_to_host.lto_priv.381
 .text.mbedtls_mpi_bitlen
                0x0000000008002a2a       0x3e /tmp/ccPT7ssV.ltrans0.ltrans.o
                0x0000000008002a2a                mbedtls_mpi_bitlen
 .text.mbedtls_mpi_lsb
                0x0000000008002a68       0x34 /tmp/ccPT7ssV.ltrans0.ltrans.o
                0x0000000008002a68                mbedtls_mpi_lsb
 .text.mbedtls_mpi_get_bit
                0x0000000008002a9c       0x20 /tmp/ccPT7ssV.ltrans0.ltrans.o
                0x0000000008002a9c                mbedtls_mpi_get_bit
 .text.mbedtls_mpi_grow
                0x0000000008002abc       0x50 /tmp/ccPT7ssV.ltrans0.ltrans.o
                0x0000000008002abc                mbedtls_mpi_grow
 .text.mbedtls_mpi_shift_l
                0x0000000008002b0c       0x8e /tmp/ccPT7ssV.ltrans0.ltrans.o
                0x0000000008002b0c                mbedtls_mpi_shift_l
 .text.mbedtls_mpi_lset
                0x0000000008002b9a       0x28 /tmp/ccPT7ssV.ltrans0.ltrans.o
                0x0000000008002b9a                mbedtls_mpi_lset
 .text.mbedtls_mpi_shift_r
                0x0000000008002bc2       0x76 /tmp/ccPT7ssV.ltrans0.ltrans.o
                0x0000000008002bc2                mbedtls_mpi_shift_r
 .text.mbedtls_mpi_safe_cond_swap
                0x0000000008002c38       0x7c /tmp/ccPT7ssV.ltrans0.ltrans.o
                0x0000000008002c38                mbedtls_mpi_safe_cond_swap
 .text.mbedtls_mpi_safe_cond_assign
                0x0000000008002cb4       0x6c /tmp/ccPT7ssV.ltrans0.ltrans.o
                0x0000000008002cb4                mbedtls_mpi_safe_cond_assign
 .text.mbedtls_mpi_shrink
                0x0000000008002d20       0x78 /tmp/ccPT7ssV.ltrans0.ltrans.o
                0x0000000008002d20                mbedtls_mpi_shrink
 .text.mbedtls_mpi_free
                0x0000000008002d98       0x24 /tmp/ccPT7ssV.ltrans0.ltrans.o
                0x0000000008002d98                mbedtls_mpi_free
 .text.mbedtls_mpi_read_binary
                0x0000000008002dbc       0x6c /tmp/ccPT7ssV.ltrans0.ltrans.o
                0x0000000008002dbc                mbedtls_mpi_read_binary
 .text.mbedtls_mpi_copy
                0x0000000008002e28       0x62 /tmp/ccPT7ssV.ltrans0.ltrans.o
                0x0000000008002e28                mbedtls_mpi_copy
 .text.mbedtls_mpi_sub_abs
                0x0000000008002e8a       0xcc /tmp/ccPT7ssV.ltrans0.ltrans.o
                0x0000000008002e8a                mbedtls_mpi_sub_abs
 .text.mbedtls_mpi_add_abs
                0x0000000008002f56       0xc2 /tmp/ccPT7ssV.ltrans0.ltrans.o
                0x0000000008002f56                mbedtls_mpi_add_abs
 .text.mbedtls_asn1_get_tag
                0x0000000008003018       0x28 /tmp/ccPT7ssV.ltrans0.ltrans.o
                0x0000000008003018                mbedtls_asn1_get_tag
 .text.mbedtls_asn1_get_alg
                0x0000000008003040       0x9a /tmp/ccPT7ssV.ltrans0.ltrans.o
                0x0000000008003040                mbedtls_asn1_get_alg
 .text.mbedtls_asn1_get_mpi
                0x00000000080030da       0x26 /tmp/ccPT7ssV.ltrans0.ltrans.o
                0x00000000080030da                mbedtls_asn1_get_mpi
 .text.mbedtls_aes_crypt_ctr
                0x0000000008003100      0x3fc /tmp/ccPT7ssV.ltrans0.ltrans.o
                0x0000000008003100                mbedtls_aes_crypt_ctr
 .text.aes_gen_tables.lto_priv.331
                0x00000000080034fc      0x120 /tmp/ccPT7ssV.ltrans0.ltrans.o
                0x00000000080034fc                aes_gen_tables.lto_priv.331
 .text.__wrap_main
                0x000000000800361c        0x4 /tmp/ccPT7ssV.ltrans0.ltrans.o
                0x000000000800361c                __wrap_main
 .text.IsIrqMasked.lto_priv.307.lto_priv.343
                0x0000000008003620       0x16 /tmp/ccPT7ssV.ltrans0.ltrans.o
                0x0000000008003620                IsIrqMasked.lto_priv.367.lto_priv.368
                0x0000000008003620                IsIrqMasked.lto_priv.308.lto_priv.312
                0x0000000008003620                IsIrqMasked.lto_priv.310.lto_priv.311
                0x0000000008003620                IsIrqMasked.lto_priv.309.lto_priv.317
                0x0000000008003620                IsIrqMasked.lto_priv.366.lto_priv.369
                0x0000000008003620                IsIrqMasked.lto_priv.307.lto_priv.343
 *fill*         0x0000000008003636        0x2 
 .text.osThreadExit
                0x0000000008003638       0x3c /tmp/ccPT7ssV.ltrans0.ltrans.o
 .text.osRtxTimerThread
                0x0000000008003674       0x34 /tmp/ccPT7ssV.ltrans0.ltrans.o
 .text.osRtxTimerTick
                0x00000000080036a8       0xec /tmp/ccPT7ssV.ltrans0.ltrans.o
 .text.default_idle_hook
                0x0000000008003794      0x17c /tmp/ccPT7ssV.ltrans0.ltrans.o
 .text.software_init_hook
                0x0000000008003910      0x2dc /tmp/ccPT7ssV.ltrans0.ltrans.o
                0x0000000008003910                software_init_hook
 .text._Z14Flash_If_WritePhS_m
                0x0000000008003bec      0x218 /tmp/ccPT7ssV.ltrans0.ltrans.o
 .text.osRtxPendSV_Handler
                0x0000000008003e04       0x80 /tmp/ccPT7ssV.ltrans0.ltrans.o
                0x0000000008003e04                osRtxPendSV_Handler
 .text.osRtxTick_Handler
                0x0000000008003e84       0x8c /tmp/ccPT7ssV.ltrans0.ltrans.o
                0x0000000008003e84                osRtxTick_Handler
 .text.osSemaphoreRelease
                0x0000000008003f10       0x50 /tmp/ccPT7ssV.ltrans0.ltrans.o
                0x0000000008003f10                osSemaphoreRelease
 .text._Z13Flash_If_Initv
                0x0000000008003f60       0xf8 /tmp/ccPT7ssV.ltrans0.ltrans.o
 .text.osMutexDelete
                0x0000000008004058       0x28 /tmp/ccPT7ssV.ltrans0.ltrans.o
                0x0000000008004058                osMutexDelete
 .text._ZN16QSPIFBlockDeviceD2Ev
                0x0000000008004080       0x24 /tmp/ccPT7ssV.ltrans0.ltrans.o
 .text._ZN16QSPIFBlockDeviceD0Ev
                0x00000000080040a4       0x12 /tmp/ccPT7ssV.ltrans0.ltrans.o
 *fill*         0x00000000080040b6        0x2 
 .text.osMutexRelease
                0x00000000080040b8       0x28 /tmp/ccPT7ssV.ltrans0.ltrans.o
                0x00000000080040b8                osMutexRelease
 .text.osMutexNew
                0x00000000080040e0       0x24 /tmp/ccPT7ssV.ltrans0.ltrans.o
                0x00000000080040e0                osMutexNew
 .text.EventFlagsCheck.lto_priv.375
                0x0000000008004104       0x34 /tmp/ccPT7ssV.ltrans0.ltrans.o
                0x0000000008004104                EventFlagsCheck.lto_priv.375
 .text.svcRtxEventFlagsWait.lto_priv.371
                0x0000000008004138       0x50 /tmp/ccPT7ssV.ltrans0.ltrans.o
                0x0000000008004138                svcRtxEventFlagsWait.lto_priv.371
 .text.svcRtxEventFlagsSet
                0x0000000008004188       0x6a /tmp/ccPT7ssV.ltrans0.ltrans.o
 .text.osRtxEventFlagsPostProcess
                0x00000000080041f2       0x2c /tmp/ccPT7ssV.ltrans0.ltrans.o
 .text._ZN4mbed6detail12CallbackBase5clearEv
                0x000000000800421e        0xc /tmp/ccPT7ssV.ltrans0.ltrans.o
                0x000000000800421e                mbed::detail::CallbackBase::clear()
 .text._ZN4mbed8CallbackIFvvEEC2IPS1_Li0EEET_
                0x000000000800422a       0x1a /tmp/ccPT7ssV.ltrans0.ltrans.o
 .text._ZNK4mbed8CallbackIFvvEEclEv
                0x0000000008004244        0x4 /tmp/ccPT7ssV.ltrans0.ltrans.o
                0x0000000008004244                mbed::Callback<void ()>::operator()() const
 .text._ZN6events10EventQueue13function_callIN4mbed8CallbackIFvvEEEEEvPv
                0x0000000008004248        0x4 /tmp/ccPT7ssV.ltrans0.ltrans.o
 .text._ZN4mbed8CallbackIFvvEE8generateIZNS2_C4IPFvP9writeInfoES6_Li0EEET_T0_EUlvE_vEEvOS9_
                0x000000000800424c       0x18 /tmp/ccPT7ssV.ltrans0.ltrans.o
                0x000000000800424c                void mbed::Callback<void ()>::generate<mbed::Callback<void ()>::generate<void (*)(writeInfo*), writeInfo*, 0>(void (*)(writeInfo*), writeInfo*)::{lambda()#1}, void>(mbed::Callback<void ()>::generate<void (*)(writeInfo*), writeInfo*, 0>(void (*)(writeInfo*), writeInfo*)::{lambda()#1}&&)
 .text._ZN4mbed8CallbackIFvvEE8generateIZNS2_C4IPN6events10EventQueueEMS6_FvvELi0EEET_T0_EUlvE_vEEvOSA_
                0x0000000008004264       0x14 /tmp/ccPT7ssV.ltrans0.ltrans.o
                0x0000000008004264                void mbed::Callback<void ()>::generate<mbed::Callback<void ()>::generate<events::EventQueue*, void (events::EventQueue::*)(), 0>(events::EventQueue*, void (events::EventQueue::*)())::{lambda()#1}, void>(mbed::Callback<void ()>::generate<events::EventQueue*, void (events::EventQueue::*)(), 0>(events::EventQueue*, void (events::EventQueue::*)())::{lambda()#1}&&)
 .text.USBD_LL_StallEP
                0x0000000008004278       0x9a /tmp/ccPT7ssV.ltrans0.ltrans.o
                0x0000000008004278                USBD_LL_StallEP
 .text.USBD_LL_DataOutStage
                0x0000000008004312       0x78 /tmp/ccPT7ssV.ltrans0.ltrans.o
 *fill*         0x000000000800438a        0x2 
 .text._ZL9start_dfuv
                0x000000000800438c     0x12f4 /tmp/ccPT7ssV.ltrans0.ltrans.o
 .text._ZN4mbed8CallbackIFvvEE8generateIZNS2_C4IPFvP19_USBD_HandleTypeDefES6_Li0EEET_T0_EUlvE_vEEvOS9_
                0x0000000008005680       0x18 /tmp/ccPT7ssV.ltrans0.ltrans.o
                0x0000000008005680                void mbed::Callback<void ()>::generate<mbed::Callback<void ()>::generate<void (*)(_USBD_HandleTypeDef*), _USBD_HandleTypeDef*, 0>(void (*)(_USBD_HandleTypeDef*), _USBD_HandleTypeDef*)::{lambda()#1}, void>(mbed::Callback<void ()>::generate<void (*)(_USBD_HandleTypeDef*), _USBD_HandleTypeDef*, 0>(void (*)(_USBD_HandleTypeDef*), _USBD_HandleTypeDef*)::{lambda()#1}&&)
 .text.boot_empty_keys
                0x0000000008005698       0x34 /tmp/ccPT7ssV.ltrans0.ltrans.o
                0x0000000008005698                boot_empty_keys
 .text._ZN4mbed11BlockDevice20get_default_instanceEv
                0x00000000080056cc      0x1b8 /tmp/ccPT7ssV.ltrans0.ltrans.o
                0x00000000080056cc                mbed::BlockDevice::get_default_instance()
 .text.startup.main
                0x0000000008005884      0xe60 /tmp/ccPT7ssV.ltrans0.ltrans.o
                0x0000000008005884                main
 .text.mbed_start
                0x00000000080066e4       0x78 /tmp/ccPT7ssV.ltrans0.ltrans.o
 .text.startup._ZL14initBlockTablev.lto_priv.313
                0x000000000800675c      0x664 /tmp/ccPT7ssV.ltrans0.ltrans.o
                0x000000000800675c                initBlockTable() [clone .lto_priv.313]
 .text.startup._Z16get_secondary_bdv
                0x0000000008006dc0       0x30 /tmp/ccPT7ssV.ltrans0.ltrans.o
                0x0000000008006dc0                get_secondary_bd()
 .text.HAL_TIM_OC_Start.part.8.constprop.161
                0x0000000008006df0       0xac /tmp/ccPT7ssV.ltrans1.ltrans.o
 .text.flash_area_erased_val
                0x0000000008006e9c       0x18 /tmp/ccPT7ssV.ltrans1.ltrans.o
 .text.flash_area_write
                0x0000000008006eb4       0x28 /tmp/ccPT7ssV.ltrans1.ltrans.o
 .text.boot_write_enc_key
                0x0000000008006edc       0x22 /tmp/ccPT7ssV.ltrans1.ltrans.o
 *fill*         0x0000000008006efe        0x2 
 .text.us_ticker_clear_interrupt
                0x0000000008006f00       0x10 /tmp/ccPT7ssV.ltrans1.ltrans.o
                0x0000000008006f00                us_ticker_clear_interrupt
 .text.us_ticker_disable_interrupt
                0x0000000008006f10       0x14 /tmp/ccPT7ssV.ltrans1.ltrans.o
                0x0000000008006f10                us_ticker_disable_interrupt
 .text.us_ticker_fire_interrupt
                0x0000000008006f24       0x20 /tmp/ccPT7ssV.ltrans1.ltrans.o
                0x0000000008006f24                us_ticker_fire_interrupt
 .text.us_ticker_set_interrupt
                0x0000000008006f44       0x1c /tmp/ccPT7ssV.ltrans1.ltrans.o
                0x0000000008006f44                us_ticker_set_interrupt
 .text.us_ticker_read
                0x0000000008006f60        0xc /tmp/ccPT7ssV.ltrans1.ltrans.o
                0x0000000008006f60                us_ticker_read
 .text.us_ticker_init
                0x0000000008006f6c       0x20 /tmp/ccPT7ssV.ltrans1.ltrans.o
                0x0000000008006f6c                us_ticker_init
 .text.timer_irq_handler
                0x0000000008006f8c       0x2c /tmp/ccPT7ssV.ltrans1.ltrans.o
 .text.us_ticker_get_info
                0x0000000008006fb8        0x8 /tmp/ccPT7ssV.ltrans1.ltrans.o
                0x0000000008006fb8                us_ticker_get_info
 .text.configure_dualpad_switch
                0x0000000008006fc0       0x24 /tmp/ccPT7ssV.ltrans1.ltrans.o
 .text.stm_pin_PullConfig
                0x0000000008006fe4       0x50 /tmp/ccPT7ssV.ltrans1.ltrans.o
 .text.USB_EP0StartXfer
                0x0000000008007034       0xec /tmp/ccPT7ssV.ltrans1.ltrans.o
 .text.unlikely.HAL_RCCEx_GetPLL3ClockFreq
                0x0000000008007120      0x14c /tmp/ccPT7ssV.ltrans1.ltrans.o
 .text.unlikely.HAL_RCCEx_GetPLL2ClockFreq
                0x000000000800726c      0x14c /tmp/ccPT7ssV.ltrans1.ltrans.o
 .text._ZN4mbed8FileBaseC2EPKcNS_8PathTypeE.constprop.259
                0x00000000080073b8       0x40 /tmp/ccPT7ssV.ltrans1.ltrans.o
 .text._ZN4mbed8CallbackIFvvEEC2IPFvP19_USBD_HandleTypeDefES5_Li0EEET_T0_.constprop.238
                0x00000000080073f8       0x1c /tmp/ccPT7ssV.ltrans1.ltrans.o
 .text._ZN4mbed8CallbackIFvvEEC2IPN6events10EventQueueEMS5_FvvELi0EEET_T0_.constprop.171
                0x0000000008007414       0x2c /tmp/ccPT7ssV.ltrans1.ltrans.o
 .text._ZN4mbed8CallbackIFvvEEC2IPFvP9writeInfoES5_Li0EEET_T0_.constprop.168
                0x0000000008007440       0x1c /tmp/ccPT7ssV.ltrans1.ltrans.o
 .text.ecp_mul_comb.isra.16.constprop.141
                0x000000000800745c      0x440 /tmp/ccPT7ssV.ltrans1.ltrans.o
 .text.mbedtls_ecp_mul_restartable.part.20.constprop.140
                0x000000000800789c      0x374 /tmp/ccPT7ssV.ltrans1.ltrans.o
 .text.unlikely.mbedtls_ecp_mul_shortcuts.constprop.138
                0x0000000008007c10       0x7a /tmp/ccPT7ssV.ltrans1.ltrans.o
 .text.boot_encrypt.constprop.124
                0x0000000008007c8a       0x52 /tmp/ccPT7ssV.ltrans1.ltrans.o
 .text.asn1_get_tagged_int.constprop.112
                0x0000000008007cdc       0x64 /tmp/ccPT7ssV.ltrans1.ltrans.o
 .text.mbedtls_aes_setkey_enc.constprop.120
                0x0000000008007d40      0x1e4 /tmp/ccPT7ssV.ltrans1.ltrans.o
 .text._ZN4mbed8CallbackIFiyNS_20sfdp_cmd_addr_size_tEhhPvyEEC2IP16QSPIFBlockDeviceMS6_FiyS1_hhS2_yELi0EEET_T0_.constprop.16
                0x0000000008007f24       0x22 /tmp/ccPT7ssV.ltrans1.ltrans.o
 *fill*         0x0000000008007f46        0x2 
 .text.qspi_prepare_command
                0x0000000008007f48      0x168 /tmp/ccPT7ssV.ltrans1.ltrans.o
 .text.startup._GLOBAL__I_65535_0_bootutil_extra.o.53499
                0x00000000080080b0      0x2b8 /tmp/ccPT7ssV.ltrans1.ltrans.o
 .text.mbed_error.constprop.276
                0x0000000008008368       0x24 /tmp/ccPT7ssV.ltrans1.ltrans.o
                0x0000000008008368                mbed_error.constprop.276
 .text._ZN4mbed13FATFileSystemC2EPKcPNS_11BlockDeviceE.constprop.258
                0x000000000800838c       0x38 /tmp/ccPT7ssV.ltrans1.ltrans.o
                0x000000000800838c                mbed::FATFileSystem::FATFileSystem(char const*, mbed::BlockDevice*) [clone .constprop.258]
 .text._ZN4mbed16LittleFileSystemC2EPKcPNS_11BlockDeviceEmmmm.constprop.254
                0x00000000080083c4       0x5c /tmp/ccPT7ssV.ltrans1.ltrans.o
                0x00000000080083c4                mbed::LittleFileSystem::LittleFileSystem(char const*, mbed::BlockDevice*, unsigned long, unsigned long, unsigned long, unsigned long) [clone .constprop.254]
 .text.USBD_CtlError.constprop.250
                0x0000000008008420       0x16 /tmp/ccPT7ssV.ltrans1.ltrans.o
                0x0000000008008420                USBD_CtlError.constprop.250
 .text.HAL_PCD_EP_Transmit.constprop.249
                0x0000000008008436       0x2a /tmp/ccPT7ssV.ltrans1.ltrans.o
                0x0000000008008436                HAL_PCD_EP_Transmit.constprop.249
 .text.HAL_PCD_EP_Receive.constprop.247
                0x0000000008008460       0x30 /tmp/ccPT7ssV.ltrans1.ltrans.o
                0x0000000008008460                HAL_PCD_EP_Receive.constprop.247
 .text._ZN4mbed6detail12CallbackBaseC2EDn.constprop.245
                0x0000000008008490        0x6 /tmp/ccPT7ssV.ltrans1.ltrans.o
                0x0000000008008490                mbed::detail::CallbackBase::CallbackBase(decltype(nullptr)) [clone .constprop.245]
 .text._ZN4mbed8callbackI19_USBD_HandleTypeDefS1_vJEEENS_8CallbackIFT1_DpT2_EEEPFS3_PT_S5_EPT0_.constprop.237
                0x0000000008008496        0xc /tmp/ccPT7ssV.ltrans1.ltrans.o
                0x0000000008008496                mbed::Callback<void ()> mbed::callback<_USBD_HandleTypeDef, _USBD_HandleTypeDef, void>(void (*)(_USBD_HandleTypeDef*), _USBD_HandleTypeDef*) [clone .constprop.237]
 *fill*         0x00000000080084a2        0x2 
 .text.HAL_NVIC_SetPriority.constprop.230
                0x00000000080084a4       0x44 /tmp/ccPT7ssV.ltrans1.ltrans.o
                0x00000000080084a4                HAL_NVIC_SetPriority.constprop.230
 .text.flash_get_sector_size.constprop.209
                0x00000000080084e8       0x40 /tmp/ccPT7ssV.ltrans1.ltrans.o
                0x00000000080084e8                flash_get_sector_size.constprop.209
 .text.flash_get_size.constprop.206
                0x0000000008008528       0x24 /tmp/ccPT7ssV.ltrans1.ltrans.o
                0x0000000008008528                flash_get_size.constprop.206
 .text._ZN4mbed8callbackIN6events10EventQueueES2_vJEEENS_8CallbackIFT1_DpT2_EEEPT0_MT_FS4_S6_E.constprop.170
                0x000000000800854c       0x18 /tmp/ccPT7ssV.ltrans1.ltrans.o
                0x000000000800854c                mbed::Callback<void ()> mbed::callback<events::EventQueue, events::EventQueue, void>(events::EventQueue*, void (events::EventQueue::*)()) [clone .constprop.170]
 .text._ZN4mbed8callbackI9writeInfoS1_vJEEENS_8CallbackIFT1_DpT2_EEEPFS3_PT_S5_EPT0_.constprop.167
                0x0000000008008564        0xc /tmp/ccPT7ssV.ltrans1.ltrans.o
                0x0000000008008564                mbed::Callback<void ()> mbed::callback<writeInfo, writeInfo, void>(void (*)(writeInfo*), writeInfo*) [clone .constprop.167]
 .text.mbedtls_mpi_shift_l_mod.constprop.144
                0x0000000008008570       0x1e /tmp/ccPT7ssV.ltrans1.ltrans.o
                0x0000000008008570                mbedtls_mpi_shift_l_mod.constprop.144
 *fill*         0x000000000800858e        0x2 
 .text.mbedtls_md_setup.constprop.143
                0x0000000008008590       0x54 /tmp/ccPT7ssV.ltrans1.ltrans.o
                0x0000000008008590                mbedtls_md_setup.constprop.143
 .text.bootutil_hmac_sha256_set_key.constprop.116
                0x00000000080085e4       0x24 /tmp/ccPT7ssV.ltrans1.ltrans.o
 .text.core_util_atomic_decr_u32.constprop.59
                0x0000000008008608       0x12 /tmp/ccPT7ssV.ltrans1.ltrans.o
                0x0000000008008608                core_util_atomic_decr_u32.constprop.59
 .text.hmac_drbg_reseed_core.constprop.49
                0x000000000800861a       0x54 /tmp/ccPT7ssV.ltrans1.ltrans.o
                0x000000000800861a                hmac_drbg_reseed_core.constprop.49
 .text._ZN4mbed8CallbackIFvvEEC2EDn.constprop.46
                0x000000000800866e        0xc /tmp/ccPT7ssV.ltrans1.ltrans.o
                0x000000000800866e                mbed::Callback<void ()>::Callback(decltype(nullptr)) [clone .constprop.46]
 *fill*         0x000000000800867a        0x2 
 .text._ZN4mbed4QSPI16configure_formatE14qspi_bus_widthS1_17qspi_address_sizeS1_hS1_i.constprop.44
                0x000000000800867c       0x68 /tmp/ccPT7ssV.ltrans1.ltrans.o
                0x000000000800867c                mbed::QSPI::configure_format(qspi_bus_width, qspi_bus_width, qspi_address_size, qspi_bus_width, unsigned char, qspi_bus_width, int) [clone .constprop.44]
 .text.serial_readable.constprop.29
                0x00000000080086e4       0x28 /tmp/ccPT7ssV.ltrans1.ltrans.o
                0x00000000080086e4                serial_readable.constprop.29
 .text._ZN4mbed8callbackI16QSPIFBlockDeviceS1_iJyNS_20sfdp_cmd_addr_size_tEhhPvyEEENS_8CallbackIFT1_DpT2_EEEPT0_MT_FS5_S7_E.constprop.15
                0x000000000800870c       0x18 /tmp/ccPT7ssV.ltrans1.ltrans.o
                0x000000000800870c                mbed::Callback<int (unsigned long long, mbed::sfdp_cmd_addr_size_t, unsigned char, unsigned char, void*, unsigned long long)> mbed::callback<QSPIFBlockDevice, QSPIFBlockDevice, int, unsigned long long, mbed::sfdp_cmd_addr_size_t, unsigned char, unsigned char, void*, unsigned long long>(QSPIFBlockDevice*, int (QSPIFBlockDevice::*)(unsigned long long, mbed::sfdp_cmd_addr_size_t, unsigned char, unsigned char, void*, unsigned long long)) [clone .constprop.15]
 .text._ZL7dir_sdiP9FATFS_DIRm.constprop.11
                0x0000000008008724       0x6a /tmp/ccPT7ssV.ltrans1.ltrans.o
                0x0000000008008724                dir_sdi(FATFS_DIR*, unsigned long) [clone .constprop.11]
 .text._ZL8dir_readP9FATFS_DIRi.constprop.9
                0x000000000800878e       0x56 /tmp/ccPT7ssV.ltrans1.ltrans.o
                0x000000000800878e                dir_read(FATFS_DIR*, int) [clone .constprop.9]
 .text._ZN4mbed8CallbackIFvPKcEEC2IPS3_Li0EEET_.constprop.8
                0x00000000080087e4       0x1c /tmp/ccPT7ssV.ltrans1.ltrans.o
                0x00000000080087e4                mbed::Callback<void (char const*)>::Callback<void (*)(char const*), 0>(void (*)(char const*)) [clone .constprop.8]
 .text.lfs_cache_cmp.constprop.7
                0x0000000008008800       0x50 /tmp/ccPT7ssV.ltrans1.ltrans.o
                0x0000000008008800                lfs_cache_cmp.constprop.7
 .text.lfs_ctz_find.constprop.6
                0x0000000008008850       0x8a /tmp/ccPT7ssV.ltrans1.ltrans.o
                0x0000000008008850                lfs_ctz_find.constprop.6
 *fill*         0x00000000080088da        0x2 
 .text.flash_area_get_sectors
                0x00000000080088dc       0x6c /tmp/ccPT7ssV.ltrans1.ltrans.o
                0x00000000080088dc                flash_area_get_sectors
 .text.flash_area_align
                0x0000000008008948       0x18 /tmp/ccPT7ssV.ltrans1.ltrans.o
                0x0000000008008948                flash_area_align
 .text.boot_write_trailer
                0x0000000008008960       0x5c /tmp/ccPT7ssV.ltrans1.ltrans.o
 .text.boot_write_swap_info.constprop.218
                0x00000000080089bc       0x18 /tmp/ccPT7ssV.ltrans1.ltrans.o
                0x00000000080089bc                boot_write_swap_info.constprop.218
 .text.boot_write_image_ok
                0x00000000080089d4       0x18 /tmp/ccPT7ssV.ltrans1.ltrans.o
 .text.flash_area_erase
                0x00000000080089ec       0x20 /tmp/ccPT7ssV.ltrans1.ltrans.o
                0x00000000080089ec                flash_area_erase
 .text.swap_erase_trailer_sectors.constprop.107
                0x0000000008008a0c       0x58 /tmp/ccPT7ssV.ltrans1.ltrans.o
 .text.flash_area_read
                0x0000000008008a64       0x88 /tmp/ccPT7ssV.ltrans1.ltrans.o
                0x0000000008008a64                flash_area_read
 .text.bootutil_tlv_iter_begin.constprop.126
                0x0000000008008aec       0x92 /tmp/ccPT7ssV.ltrans1.ltrans.o
 *fill*         0x0000000008008b7e        0x2 
 .text.boot_copy_region.constprop.98
                0x0000000008008b80      0x130 /tmp/ccPT7ssV.ltrans1.ltrans.o
                0x0000000008008b80                boot_copy_region.constprop.98
 .text.bootutil_tlv_iter_next
                0x0000000008008cb0       0x94 /tmp/ccPT7ssV.ltrans1.ltrans.o
 .text.bootutil_img_validate.constprop.121
                0x0000000008008d44      0x5a0 /tmp/ccPT7ssV.ltrans1.ltrans.o
 .text.boot_enc_load.constprop.110
                0x00000000080092e4      0x444 /tmp/ccPT7ssV.ltrans1.ltrans.o
                0x00000000080092e4                boot_enc_load.constprop.110
 .text.flash_area_close
                0x0000000008009728       0x28 /tmp/ccPT7ssV.ltrans1.ltrans.o
                0x0000000008009728                flash_area_close
 .text.flash_area_open
                0x0000000008009750       0xa4 /tmp/ccPT7ssV.ltrans1.ltrans.o
                0x0000000008009750                flash_area_open
 .text.boot_check_header_erased.constprop.105
                0x00000000080097f4       0x48 /tmp/ccPT7ssV.ltrans1.ltrans.o
                0x00000000080097f4                boot_check_header_erased.constprop.105
 .text.boot_read_image_headers.constprop.102
                0x000000000800983c       0x68 /tmp/ccPT7ssV.ltrans1.ltrans.o
                0x000000000800983c                boot_read_image_headers.constprop.102
 .text.swap_set_copy_done.constprop.100
                0x00000000080098a4       0x36 /tmp/ccPT7ssV.ltrans1.ltrans.o
                0x00000000080098a4                swap_set_copy_done.constprop.100
 *fill*         0x00000000080098da        0x2 
 .text.boot_read_image_size.constprop.91
                0x00000000080098dc       0x90 /tmp/ccPT7ssV.ltrans1.ltrans.o
 .text.boot_find_status.isra.3
                0x000000000800996c       0x6c /tmp/ccPT7ssV.ltrans1.ltrans.o
 .text.boot_enc_set_key
                0x00000000080099d8       0x2a /tmp/ccPT7ssV.ltrans1.ltrans.o
                0x00000000080099d8                boot_enc_set_key
 *fill*         0x0000000008009a02        0x2 
 .text.boot_validate_slot.constprop.104
                0x0000000008009a04       0xfc /tmp/ccPT7ssV.ltrans1.ltrans.o
                0x0000000008009a04                boot_validate_slot.constprop.104
 .text.bootutil_buffer_is_erased.part.3
                0x0000000008009b00       0x22 /tmp/ccPT7ssV.ltrans1.ltrans.o
                0x0000000008009b00                bootutil_buffer_is_erased.part.3
 .text.boot_read_flag
                0x0000000008009b22       0x3a /tmp/ccPT7ssV.ltrans1.ltrans.o
 .text.boot_write_magic
                0x0000000008009b5c       0x44 /tmp/ccPT7ssV.ltrans1.ltrans.o
                0x0000000008009b5c                boot_write_magic
 .text.boot_read_swap_state
                0x0000000008009ba0       0xb4 /tmp/ccPT7ssV.ltrans1.ltrans.o
                0x0000000008009ba0                boot_read_swap_state
 .text.swap_set_image_ok.constprop.101
                0x0000000008009c54       0x3c /tmp/ccPT7ssV.ltrans1.ltrans.o
                0x0000000008009c54                swap_set_image_ok.constprop.101
 .text.boot_read_swap_state_by_id
                0x0000000008009c90       0x28 /tmp/ccPT7ssV.ltrans1.ltrans.o
                0x0000000008009c90                boot_read_swap_state_by_id
 .text.swap_status_init.constprop.97
                0x0000000008009cb8       0x5e /tmp/ccPT7ssV.ltrans1.ltrans.o
 .text.boot_magic_compatible_check
                0x0000000008009d16       0x1e /tmp/ccPT7ssV.ltrans1.ltrans.o
                0x0000000008009d16                boot_magic_compatible_check
 .text.boot_status_off
                0x0000000008009d34       0x16 /tmp/ccPT7ssV.ltrans1.ltrans.o
                0x0000000008009d34                boot_status_off
 *fill*         0x0000000008009d4a        0x2 
 .text.boot_write_status.constprop.99
                0x0000000008009d4c       0x7c /tmp/ccPT7ssV.ltrans1.ltrans.o
 .text.boot_swap_image.constprop.90
                0x0000000008009dc8      0x46c /tmp/ccPT7ssV.ltrans1.ltrans.o
                0x0000000008009dc8                boot_swap_image.constprop.90
 .text.HAL_GetTick
                0x000000000800a234       0x64 /tmp/ccPT7ssV.ltrans1.ltrans.o
                0x000000000800a234                HAL_GetTick
 .text.FLASH_WaitForLastOperation.constprop.212
                0x000000000800a298       0xb8 /tmp/ccPT7ssV.ltrans1.ltrans.o
                0x000000000800a298                FLASH_WaitForLastOperation.constprop.212
 .text.UART_WaitOnFlagUntilTimeout.constprop.36
                0x000000000800a350       0x78 /tmp/ccPT7ssV.ltrans1.ltrans.o
 .text.RCCEx_PLL3_Config
                0x000000000800a3c8      0x100 /tmp/ccPT7ssV.ltrans1.ltrans.o
 .text.RCCEx_PLL2_Config
                0x000000000800a4c8      0x100 /tmp/ccPT7ssV.ltrans1.ltrans.o
 .text.HAL_RCC_OscConfig
                0x000000000800a5c8      0x530 /tmp/ccPT7ssV.ltrans1.ltrans.o
 .text.QSPI_WaitFlagStateUntilTimeout
                0x000000000800aaf8       0x4a /tmp/ccPT7ssV.ltrans1.ltrans.o
 .text.HAL_QSPI_Command.constprop.265
                0x000000000800ab42      0x1de /tmp/ccPT7ssV.ltrans1.ltrans.o
 .text.qspi_read
                0x000000000800ad20       0xe6 /tmp/ccPT7ssV.ltrans1.ltrans.o
 .text._ZN4mbed4QSPI4readEiiiPcPj.constprop.42
                0x000000000800ae06       0x5a /tmp/ccPT7ssV.ltrans1.ltrans.o
                0x000000000800ae06                mbed::QSPI::read(int, int, int, char*, unsigned int*) [clone .constprop.42]
 .text.qspi_write
                0x000000000800ae60       0xde /tmp/ccPT7ssV.ltrans1.ltrans.o
                0x000000000800ae60                qspi_write
 .text._ZN4mbed4QSPI16command_transferEiiPKcjS2_j.constprop.263
                0x000000000800af3e       0xbc /tmp/ccPT7ssV.ltrans1.ltrans.o
                0x000000000800af3e                mbed::QSPI::command_transfer(int, int, char const*, unsigned int, char const*, unsigned int) [clone .constprop.263]
 *fill*         0x000000000800affa        0x2 
 .text.Set_GPIO_Clock
                0x000000000800affc      0x190 /tmp/ccPT7ssV.ltrans1.ltrans.o
                0x000000000800affc                Set_GPIO_Clock
 .text.pin_mode
                0x000000000800b18c       0x68 /tmp/ccPT7ssV.ltrans1.ltrans.o
                0x000000000800b18c                pin_mode
 .text._gpio_init_out.part.1.constprop.279
                0x000000000800b1f4       0x44 /tmp/ccPT7ssV.ltrans1.ltrans.o
                0x000000000800b1f4                _gpio_init_out.part.1.constprop.279
 .text.pin_function
                0x000000000800b238      0x170 /tmp/ccPT7ssV.ltrans1.ltrans.o
                0x000000000800b238                pin_function
 .text.startup._ZN4mbed10DigitalOutC2E7PinNamei.constprop.152
                0x000000000800b3a8       0x58 /tmp/ccPT7ssV.ltrans1.ltrans.o
 .text.HSEM1_IRQHandler
                0x000000000800b400       0x14 /tmp/ccPT7ssV.ltrans1.ltrans.o
                0x000000000800b400                HSEM1_IRQHandler
 .text.SystemCoreClockUpdate
                0x000000000800b414       0x54 /tmp/ccPT7ssV.ltrans1.ltrans.o
                0x000000000800b414                SystemCoreClockUpdate
 .text.SystemInit
                0x000000000800b468       0xe4 /tmp/ccPT7ssV.ltrans1.ltrans.o
                0x000000000800b468                SystemInit
 .text.USB_CoreReset.lto_priv.407
                0x000000000800b54c       0x30 /tmp/ccPT7ssV.ltrans1.ltrans.o
                0x000000000800b54c                USB_CoreReset.lto_priv.407
 .text.USB_EP0_OutStart
                0x000000000800b57c       0x4c /tmp/ccPT7ssV.ltrans1.ltrans.o
                0x000000000800b57c                USB_EP0_OutStart
 .text.USB_DevDisconnect
                0x000000000800b5c8       0x1c /tmp/ccPT7ssV.ltrans1.ltrans.o
                0x000000000800b5c8                USB_DevDisconnect
 .text.USB_ReadPacket
                0x000000000800b5e4       0x4a /tmp/ccPT7ssV.ltrans1.ltrans.o
                0x000000000800b5e4                USB_ReadPacket
 .text.USB_ActivateEndpoint
                0x000000000800b62e       0x72 /tmp/ccPT7ssV.ltrans1.ltrans.o
                0x000000000800b62e                USB_ActivateEndpoint
 .text.HAL_RCCEx_PeriphCLKConfig
                0x000000000800b6a0      0x36c /tmp/ccPT7ssV.ltrans1.ltrans.o
                0x000000000800b6a0                HAL_RCCEx_PeriphCLKConfig
 .text.HAL_RCC_GetSysClockFreq
                0x000000000800ba0c      0x138 /tmp/ccPT7ssV.ltrans1.ltrans.o
                0x000000000800ba0c                HAL_RCC_GetSysClockFreq
 .text.HAL_RCC_GetHCLKFreq
                0x000000000800bb44       0x30 /tmp/ccPT7ssV.ltrans1.ltrans.o
                0x000000000800bb44                HAL_RCC_GetHCLKFreq
 .text.qspi_frequency
                0x000000000800bb74       0xb0 /tmp/ccPT7ssV.ltrans1.ltrans.o
                0x000000000800bb74                qspi_frequency
 .text.unlikely.HAL_RCC_GetPCLK2Freq
                0x000000000800bc24       0x24 /tmp/ccPT7ssV.ltrans1.ltrans.o
 .text.HAL_RCC_GetPCLK1Freq
                0x000000000800bc48       0x24 /tmp/ccPT7ssV.ltrans1.ltrans.o
 .text.unlikely.init_uart.constprop.35
                0x000000000800bc6c      0x554 /tmp/ccPT7ssV.ltrans1.ltrans.o
                0x000000000800bc6c                init_uart.constprop.35
 .text.unlikely.serial_baud.constprop.27
                0x000000000800c1c0       0xc0 /tmp/ccPT7ssV.ltrans1.ltrans.o
                0x000000000800c1c0                serial_baud.constprop.27
 .text.init_32bit_timer
                0x000000000800c280      0x13c /tmp/ccPT7ssV.ltrans1.ltrans.o
                0x000000000800c280                init_32bit_timer
 .text.SetSysClock_PLL_HSI
                0x000000000800c3bc      0x240 /tmp/ccPT7ssV.ltrans1.ltrans.o
                0x000000000800c3bc                SetSysClock_PLL_HSI
 .text.HAL_PCD_Start
                0x000000000800c5fc       0x52 /tmp/ccPT7ssV.ltrans1.ltrans.o
                0x000000000800c5fc                HAL_PCD_Start
 *fill*         0x000000000800c64e        0x2 
 .text.HAL_GPIO_Init
                0x000000000800c650      0x1d4 /tmp/ccPT7ssV.ltrans1.ltrans.o
                0x000000000800c650                HAL_GPIO_Init
 .text.HAL_FLASH_Lock
                0x000000000800c824       0x30 /tmp/ccPT7ssV.ltrans1.ltrans.o
                0x000000000800c824                HAL_FLASH_Lock
 .text.HAL_FLASH_Unlock
                0x000000000800c854       0x4c /tmp/ccPT7ssV.ltrans1.ltrans.o
                0x000000000800c854                HAL_FLASH_Unlock
 .text.osMutexAcquire.constprop.274
                0x000000000800c8a0       0x2c /tmp/ccPT7ssV.ltrans1.ltrans.o
                0x000000000800c8a0                osMutexAcquire.constprop.274
 .text._ZN4mbed10FileSystem9file_syncEPv
                0x000000000800c8cc        0x4 /tmp/ccPT7ssV.ltrans2.ltrans.o
                0x000000000800c8cc                mbed::FileSystem::file_sync(void*)
                0x000000000800c8cc                mbed::FileSystem::dir_tell(void*)
                0x000000000800c8cc                mbed::FileSystem::file_isatty(void*)
 .text._ZN4mbed16FileSystemHandle4openEPPNS_9DirHandleEPKc
                0x000000000800c8d0        0x6 /tmp/ccPT7ssV.ltrans2.ltrans.o
                0x000000000800c8d0                mbed::FileSystemHandle::stat(char const*, stat*)
                0x000000000800c8d0                mbed::FileSystem::stat(char const*, stat*)
                0x000000000800c8d0                mbed::FileSystem::rename(char const*, char const*)
                0x000000000800c8d0                mbed::FileSystemHandle::rename(char const*, char const*)
                0x000000000800c8d0                mbed::FileSystem::dir_read(void*, dirent*)
                0x000000000800c8d0                mbed::FileSystem::statvfs(char const*, statvfs*)
                0x000000000800c8d0                mbed::FileSystem::dir_open(void**, char const*)
                0x000000000800c8d0                mbed::FileSystemHandle::open(mbed::DirHandle**, char const*)
                0x000000000800c8d0                mbed::FileSystemHandle::statvfs(char const*, statvfs*)
 .text._ZN4mbed16FileSystemHandle6removeEPKc
                0x000000000800c8d6        0x6 /tmp/ccPT7ssV.ltrans2.ltrans.o
                0x000000000800c8d6                mbed::FileSystem::reformat(mbed::BlockDevice*)
                0x000000000800c8d6                mbed::FileSystem::remove(char const*)
                0x000000000800c8d6                mbed::FileSystem::dir_close(void*)
                0x000000000800c8d6                mbed::FileSystemHandle::remove(char const*)
 .text._ZN4mbed10FileSystem11file_rewindEPv
                0x000000000800c8dc       0x12 /tmp/ccPT7ssV.ltrans2.ltrans.o
                0x000000000800c8dc                mbed::FileSystem::file_rewind(void*)
 .text._ZN4mbed16FileSystemHandle5mkdirEPKcm
                0x000000000800c8ee        0x6 /tmp/ccPT7ssV.ltrans2.ltrans.o
                0x000000000800c8ee                mbed::FileSystem::mkdir(char const*, unsigned long)
                0x000000000800c8ee                mbed::FileSystemHandle::mkdir(char const*, unsigned long)
 .text._ZN4mbed4File8truncateEl
                0x000000000800c8f4       0x16 /tmp/ccPT7ssV.ltrans2.ltrans.o
 .text._ZN4mbed4File4sizeEv
                0x000000000800c90a        0xc /tmp/ccPT7ssV.ltrans2.ltrans.o
 .text._ZN4mbed4File6rewindEv
                0x000000000800c916        0xc /tmp/ccPT7ssV.ltrans2.ltrans.o
 .text._ZN4mbed4File4tellEv
                0x000000000800c922        0xc /tmp/ccPT7ssV.ltrans2.ltrans.o
 .text._ZN4mbed4File4seekEli
                0x000000000800c92e       0x16 /tmp/ccPT7ssV.ltrans2.ltrans.o
 .text._ZN4mbed4File6isattyEv
                0x000000000800c944        0xc /tmp/ccPT7ssV.ltrans2.ltrans.o
 .text._ZN4mbed4File4syncEv
                0x000000000800c950        0xc /tmp/ccPT7ssV.ltrans2.ltrans.o
 .text._ZN4mbed4File5writeEPKvj
                0x000000000800c95c       0x16 /tmp/ccPT7ssV.ltrans2.ltrans.o
 .text._ZN4mbed4File4readEPvj
                0x000000000800c972       0x16 /tmp/ccPT7ssV.ltrans2.ltrans.o
 .text._ZN4mbed4File5closeEv
                0x000000000800c988       0x1c /tmp/ccPT7ssV.ltrans2.ltrans.o
 .text._ZN4mbed7ManagedINS_4FileEE5closeEv
                0x000000000800c9a4       0x16 /tmp/ccPT7ssV.ltrans2.ltrans.o
 .text._ZN4mbed4File4openEPNS_10FileSystemEPKci
                0x000000000800c9ba       0x22 /tmp/ccPT7ssV.ltrans2.ltrans.o
 .text._ZN4mbed4FileD2Ev
                0x000000000800c9dc       0x18 /tmp/ccPT7ssV.ltrans2.ltrans.o
 .text._ZN4mbed7ManagedINS_4FileEED2Ev
                0x000000000800c9f4       0x14 /tmp/ccPT7ssV.ltrans2.ltrans.o
 .text._ZN4mbed3Dir4sizeEv
                0x000000000800ca08        0xc /tmp/ccPT7ssV.ltrans2.ltrans.o
 .text._ZN4mbed3Dir6rewindEv
                0x000000000800ca14        0xc /tmp/ccPT7ssV.ltrans2.ltrans.o
 .text._ZN4mbed3Dir4tellEv
                0x000000000800ca20        0xc /tmp/ccPT7ssV.ltrans2.ltrans.o
 .text._ZN4mbed3Dir4seekEl
                0x000000000800ca2c       0x16 /tmp/ccPT7ssV.ltrans2.ltrans.o
 .text._ZN4mbed3Dir5closeEv
                0x000000000800ca42       0x1c /tmp/ccPT7ssV.ltrans2.ltrans.o
 .text._ZN4mbed7ManagedINS_3DirEE5closeEv
                0x000000000800ca5e       0x16 /tmp/ccPT7ssV.ltrans2.ltrans.o
 .text._ZN4mbed3Dir4openEPNS_10FileSystemEPKc
                0x000000000800ca74       0x22 /tmp/ccPT7ssV.ltrans2.ltrans.o
 *fill*         0x000000000800ca96        0x2 
 .text._ZN4mbed3DirD2Ev
                0x000000000800ca98       0x18 /tmp/ccPT7ssV.ltrans2.ltrans.o
 .text._ZN4mbed7ManagedINS_3DirEED2Ev
                0x000000000800cab0       0x14 /tmp/ccPT7ssV.ltrans2.ltrans.o
 .text._ZN4mbedL17lfs_statvfs_countEPvm
                0x000000000800cac4        0xa /tmp/ccPT7ssV.ltrans2.ltrans.o
 .text._ZN4mbedL11lfs_bd_readEPK10lfs_configmmPvm
                0x000000000800cace       0x24 /tmp/ccPT7ssV.ltrans2.ltrans.o
 .text._ZN4mbedL11lfs_bd_progEPK10lfs_configmmPKvm
                0x000000000800caf2       0x24 /tmp/ccPT7ssV.ltrans2.ltrans.o
 .text._ZN4mbedL12lfs_bd_eraseEPK10lfs_configm
                0x000000000800cb16       0x1c /tmp/ccPT7ssV.ltrans2.ltrans.o
 .text._ZN4mbedL11lfs_bd_syncEPK10lfs_config
                0x000000000800cb32        0x8 /tmp/ccPT7ssV.ltrans2.ltrans.o
 .text._ZN4mbedL11lfs_toerrorEi
                0x000000000800cb3a        0xc /tmp/ccPT7ssV.ltrans2.ltrans.o
 *fill*         0x000000000800cb46        0x2 
 .text.lfs_crc  0x000000000800cb48       0x44 /tmp/ccPT7ssV.ltrans2.ltrans.o
 .text.lfs_paircmp
                0x000000000800cb8c       0x22 /tmp/ccPT7ssV.ltrans2.ltrans.o
 .text.lfs_pairisnull
                0x000000000800cbae       0x14 /tmp/ccPT7ssV.ltrans2.ltrans.o
 .text.lfs_alloc_lookahead
                0x000000000800cbc2       0x36 /tmp/ccPT7ssV.ltrans2.ltrans.o
 .text._ZN4mbed6detail8invoke_rIvRPFvPKcEJS3_ELi0EEET_OT0_DpOT1_
                0x000000000800cbf8        0x6 /tmp/ccPT7ssV.ltrans2.ltrans.o
 .text._ZN4mbed8CallbackIFvPKcEE11target_callIPS3_EEvPKNS_6detail12CallbackBaseES2_
                0x000000000800cbfe       0x14 /tmp/ccPT7ssV.ltrans2.ltrans.o
 .text._ZN4mbed13FATFileSystem8dir_tellEPv
                0x000000000800cc12       0x1a /tmp/ccPT7ssV.ltrans2.ltrans.o
                0x000000000800cc12                mbed::FATFileSystem::dir_tell(void*)
 .text._ZN4mbed13FATFileSystem9file_sizeEPv
                0x000000000800cc2c       0x1a /tmp/ccPT7ssV.ltrans2.ltrans.o
                0x000000000800cc2c                mbed::FATFileSystem::file_size(void*)
 .text._ZN4mbed13FATFileSystem9file_tellEPv
                0x000000000800cc46       0x1a /tmp/ccPT7ssV.ltrans2.ltrans.o
                0x000000000800cc46                mbed::FATFileSystem::file_tell(void*)
 .text._ZN4mbed13FATFileSystem5mountEPNS_11BlockDeviceE
                0x000000000800cc60        0xa /tmp/ccPT7ssV.ltrans2.ltrans.o
                0x000000000800cc60                mbed::FATFileSystem::mount(mbed::BlockDevice*)
 .text._ZN4mbedL15fat_error_remapE7FRESULT
                0x000000000800cc6a       0x72 /tmp/ccPT7ssV.ltrans2.ltrans.o
 .text._ZL8st_clustP5FATFSPhm.isra.3
                0x000000000800ccdc       0x16 /tmp/ccPT7ssV.ltrans2.ltrans.o
 .text._ZL8ld_clustP5FATFSPKh.isra.2
                0x000000000800ccf2       0x1e /tmp/ccPT7ssV.ltrans2.ltrans.o
 .text._ZL8validateP7FFOBJIDPP5FATFS
                0x000000000800cd10       0x30 /tmp/ccPT7ssV.ltrans2.ltrans.o
 .text._ZL12get_ldnumberPPKc
                0x000000000800cd40       0x3a /tmp/ccPT7ssV.ltrans2.ltrans.o
 .text._ZN4mbed7ManagedINS_4FileEED0Ev
                0x000000000800cd7a       0x12 /tmp/ccPT7ssV.ltrans2.ltrans.o
 .text._ZN4mbed7ManagedINS_3DirEED0Ev
                0x000000000800cd8c       0x12 /tmp/ccPT7ssV.ltrans2.ltrans.o
 .text._ZN4mbed4FileD0Ev
                0x000000000800cd9e       0x12 /tmp/ccPT7ssV.ltrans2.ltrans.o
 .text._ZN4mbed3DirD0Ev
                0x000000000800cdb0       0x12 /tmp/ccPT7ssV.ltrans2.ltrans.o
 .text.lfs_deinit
                0x000000000800cdc2       0x2e /tmp/ccPT7ssV.ltrans2.ltrans.o
 .text._ZN4mbed13FATFileSystem9dir_closeEPv
                0x000000000800cdf0       0x34 /tmp/ccPT7ssV.ltrans2.ltrans.o
                0x000000000800cdf0                mbed::FATFileSystem::dir_close(void*)
 .text._ZN4mbedL8dodeleteEPKc.lto_priv.305
                0x000000000800ce24        0x8 /tmp/ccPT7ssV.ltrans2.ltrans.o
                0x000000000800ce24                mbed::dodelete(char const*) [clone .lto_priv.305]
 .text._ZN4mbed3Dir4readEP6dirent
                0x000000000800ce2c       0x26 /tmp/ccPT7ssV.ltrans2.ltrans.o
 .text.lfs_cache_zero.isra.14
                0x000000000800ce52       0x16 /tmp/ccPT7ssV.ltrans2.ltrans.o
 .text._ZN4mbed16LittleFileSystem8dir_tellEPv
                0x000000000800ce68       0x20 /tmp/ccPT7ssV.ltrans2.ltrans.o
                0x000000000800ce68                mbed::LittleFileSystem::dir_tell(void*)
 .text._ZN4mbed16LittleFileSystem9dir_closeEPv
                0x000000000800ce88       0x3c /tmp/ccPT7ssV.ltrans2.ltrans.o
                0x000000000800ce88                mbed::LittleFileSystem::dir_close(void*)
 .text._ZN4mbed16LittleFileSystem9file_sizeEPv
                0x000000000800cec4       0x30 /tmp/ccPT7ssV.ltrans2.ltrans.o
                0x000000000800cec4                mbed::LittleFileSystem::file_size(void*)
 .text._ZN4mbed16LittleFileSystem9file_tellEPv
                0x000000000800cef4       0x20 /tmp/ccPT7ssV.ltrans2.ltrans.o
                0x000000000800cef4                mbed::LittleFileSystem::file_tell(void*)
 .text._ZN4mbed16LittleFileSystem7unmountEv
                0x000000000800cf14       0x38 /tmp/ccPT7ssV.ltrans2.ltrans.o
                0x000000000800cf14                mbed::LittleFileSystem::unmount()
 .text.lfs_init
                0x000000000800cf4c       0x7a /tmp/ccPT7ssV.ltrans2.ltrans.o
 .text.lfs_cache_flush
                0x000000000800cfc6       0x5a /tmp/ccPT7ssV.ltrans2.ltrans.o
 .text.lfs_cache_prog
                0x000000000800d020       0xe6 /tmp/ccPT7ssV.ltrans2.ltrans.o
 *fill*         0x000000000800d106        0x2 
 .text._ZL8check_fsP5FATFSm.part.7
                0x000000000800d108       0xb0 /tmp/ccPT7ssV.ltrans2.ltrans.o
 .text._ZL12get_fileinfoP9FATFS_DIRP7FILINFO.part.4
                0x000000000800d1b8       0x66 /tmp/ccPT7ssV.ltrans2.ltrans.o
 *fill*         0x000000000800d21e        0x2 
 .text._ZN4mbed13FATFileSystem6unlockEv
                0x000000000800d220       0x14 /tmp/ccPT7ssV.ltrans2.ltrans.o
                0x000000000800d220                mbed::FATFileSystem::unlock()
 .text._ZN4mbed13FATFileSystem4lockEv
                0x000000000800d234       0x14 /tmp/ccPT7ssV.ltrans2.ltrans.o
                0x000000000800d234                mbed::FATFileSystem::lock()
 .text.get_fattime
                0x000000000800d248       0x5c /tmp/ccPT7ssV.ltrans2.ltrans.o
 .text.f_sync   0x000000000800d2a4       0x6c /tmp/ccPT7ssV.ltrans2.ltrans.o
 .text._ZN4mbed13FATFileSystem9file_syncEPv
                0x000000000800d310       0x26 /tmp/ccPT7ssV.ltrans2.ltrans.o
                0x000000000800d310                mbed::FATFileSystem::file_sync(void*)
 .text._ZN4mbed13FATFileSystem10file_closeEPv
                0x000000000800d336       0x3e /tmp/ccPT7ssV.ltrans2.ltrans.o
                0x000000000800d336                mbed::FATFileSystem::file_close(void*)
 .text.f_readdir
                0x000000000800d374       0x42 /tmp/ccPT7ssV.ltrans2.ltrans.o
 .text._ZN4mbed13FATFileSystem10dir_rewindEPv
                0x000000000800d3b6       0x20 /tmp/ccPT7ssV.ltrans2.ltrans.o
                0x000000000800d3b6                mbed::FATFileSystem::dir_rewind(void*)
 .text._ZN4mbed13FATFileSystem8dir_seekEPvl
                0x000000000800d3d6       0x46 /tmp/ccPT7ssV.ltrans2.ltrans.o
                0x000000000800d3d6                mbed::FATFileSystem::dir_seek(void*, long)
 .text._ZN4mbed13FATFileSystem8dir_readEPvP6dirent
                0x000000000800d41c       0x5a /tmp/ccPT7ssV.ltrans2.ltrans.o
                0x000000000800d41c                mbed::FATFileSystem::dir_read(void*, dirent*)
 *fill*         0x000000000800d476        0x2 
 .text._ZL11follow_pathP9FATFS_DIRPKc
                0x000000000800d478      0x184 /tmp/ccPT7ssV.ltrans2.ltrans.o
 .text._ZL12dir_registerP9FATFS_DIR
                0x000000000800d5fc       0x6a /tmp/ccPT7ssV.ltrans2.ltrans.o
 .text.HAL_Delay
                0x000000000800d666       0x1c /tmp/ccPT7ssV.ltrans2.ltrans.o
                0x000000000800d666                HAL_Delay
 *fill*         0x000000000800d682        0x2 
 .text._ZN4mbed16LittleFileSystemD2Ev
                0x000000000800d684       0x34 /tmp/ccPT7ssV.ltrans2.ltrans.o
                0x000000000800d684                mbed::LittleFileSystem::~LittleFileSystem()
                0x000000000800d684                mbed::LittleFileSystem::~LittleFileSystem()
                0x000000000800d684                .LTHUNK4.lto_priv.339
 .text._ZThn4_N4mbed16LittleFileSystemD1Ev
                0x000000000800d6b8        0x8 /tmp/ccPT7ssV.ltrans2.ltrans.o
                0x000000000800d6b8                non-virtual thunk to mbed::LittleFileSystem::~LittleFileSystem()
 .text._ZN4mbed16LittleFileSystemD0Ev
                0x000000000800d6c0       0x12 /tmp/ccPT7ssV.ltrans2.ltrans.o
                0x000000000800d6c0                .LTHUNK5.lto_priv.341
                0x000000000800d6c0                mbed::LittleFileSystem::~LittleFileSystem()
 .text._ZThn4_N4mbed16LittleFileSystemD0Ev
                0x000000000800d6d2        0x8 /tmp/ccPT7ssV.ltrans2.ltrans.o
                0x000000000800d6d2                non-virtual thunk to mbed::LittleFileSystem::~LittleFileSystem()
 .text.lfs_ctz_index.isra.16.lto_priv.337
                0x000000000800d6da       0x34 /tmp/ccPT7ssV.ltrans2.ltrans.o
                0x000000000800d6da                lfs_ctz_index.isra.16.lto_priv.337
 .text.lfs_cache_read.isra.9.lto_priv.336
                0x000000000800d70e       0xd4 /tmp/ccPT7ssV.ltrans2.ltrans.o
                0x000000000800d70e                lfs_cache_read.isra.9.lto_priv.336
 .text.lfs_ctz_traverse.part.17
                0x000000000800d7e2       0x7e /tmp/ccPT7ssV.ltrans2.ltrans.o
 .text.lfs_bd_crc
                0x000000000800d860       0x4a /tmp/ccPT7ssV.ltrans2.ltrans.o
 .text.lfs_bd_read
                0x000000000800d8aa       0x1a /tmp/ccPT7ssV.ltrans2.ltrans.o
 .text.lfs_dir_fetch
                0x000000000800d8c4       0xd0 /tmp/ccPT7ssV.ltrans2.ltrans.o
 .text._ZN4mbed16LittleFileSystem10dir_rewindEPv
                0x000000000800d994       0x3a /tmp/ccPT7ssV.ltrans2.ltrans.o
                0x000000000800d994                mbed::LittleFileSystem::dir_rewind(void*)
 .text._ZN4mbed16LittleFileSystem8dir_seekEPvl
                0x000000000800d9ce       0x64 /tmp/ccPT7ssV.ltrans2.ltrans.o
                0x000000000800d9ce                mbed::LittleFileSystem::dir_seek(void*, long)
 *fill*         0x000000000800da32        0x2 
 .text._ZN4mbed16LittleFileSystem5mountEPNS_11BlockDeviceE
                0x000000000800da34      0x160 /tmp/ccPT7ssV.ltrans2.ltrans.o
                0x000000000800da34                mbed::LittleFileSystem::mount(mbed::BlockDevice*)
 .text.lfs_traverse.part.22
                0x000000000800db94      0x112 /tmp/ccPT7ssV.ltrans2.ltrans.o
 *fill*         0x000000000800dca6        0x2 
 .text.lfs_alloc
                0x000000000800dca8       0xd0 /tmp/ccPT7ssV.ltrans2.ltrans.o
 .text.lfs_file_relocate
                0x000000000800dd78       0xac /tmp/ccPT7ssV.ltrans2.ltrans.o
 .text.lfs_file_flush
                0x000000000800de24       0xcc /tmp/ccPT7ssV.ltrans2.ltrans.o
 .text._ZN4mbed16LittleFileSystem9file_seekEPvli
                0x000000000800def0       0x56 /tmp/ccPT7ssV.ltrans2.ltrans.o
                0x000000000800def0                mbed::LittleFileSystem::file_seek(void*, long, int)
 .text.lfs_file_write
                0x000000000800df46      0x26a /tmp/ccPT7ssV.ltrans2.ltrans.o
 .text._ZN4mbed16LittleFileSystem13file_truncateEPvl
                0x000000000800e1b0       0xf0 /tmp/ccPT7ssV.ltrans2.ltrans.o
                0x000000000800e1b0                mbed::LittleFileSystem::file_truncate(void*, long)
 .text._ZN4mbed16LittleFileSystem10file_writeEPvPKvj
                0x000000000800e2a0       0x36 /tmp/ccPT7ssV.ltrans2.ltrans.o
                0x000000000800e2a0                mbed::LittleFileSystem::file_write(void*, void const*, unsigned int)
 .text.lfs_file_read
                0x000000000800e2d6       0xc6 /tmp/ccPT7ssV.ltrans2.ltrans.o
 .text._ZN4mbed16LittleFileSystem9file_readEPvS1_j
                0x000000000800e39c       0x36 /tmp/ccPT7ssV.ltrans2.ltrans.o
                0x000000000800e39c                mbed::LittleFileSystem::file_read(void*, void*, unsigned int)
 *fill*         0x000000000800e3d2        0x2 
 .text._ZN4mbed16LittleFileSystem7statvfsEPKcP7statvfs
                0x000000000800e3d4       0x74 /tmp/ccPT7ssV.ltrans2.ltrans.o
                0x000000000800e3d4                mbed::LittleFileSystem::statvfs(char const*, statvfs*)
 .text.lfs_pred
                0x000000000800e448       0x56 /tmp/ccPT7ssV.ltrans2.ltrans.o
 .text.lfs_dir_next
                0x000000000800e49e       0x86 /tmp/ccPT7ssV.ltrans2.ltrans.o
 .text.lfs_parent.part.12
                0x000000000800e524       0x62 /tmp/ccPT7ssV.ltrans2.ltrans.o
 .text.lfs_moved
                0x000000000800e586       0x70 /tmp/ccPT7ssV.ltrans2.ltrans.o
 *fill*         0x000000000800e5f6        0x2 
 .text._ZN4mbed16LittleFileSystem8dir_readEPvP6dirent
                0x000000000800e5f8      0x114 /tmp/ccPT7ssV.ltrans2.ltrans.o
                0x000000000800e5f8                mbed::LittleFileSystem::dir_read(void*, dirent*)
 .text.lfs_deorphan
                0x000000000800e70c      0x120 /tmp/ccPT7ssV.ltrans2.ltrans.o
 .text.lfs_dir_commit
                0x000000000800e82c      0x28a /tmp/ccPT7ssV.ltrans2.ltrans.o
 .text.lfs_dir_remove
                0x000000000800eab6      0x104 /tmp/ccPT7ssV.ltrans2.ltrans.o
 .text.lfs_dir_update
                0x000000000800ebba       0x32 /tmp/ccPT7ssV.ltrans2.ltrans.o
 .text.lfs_file_sync
                0x000000000800ebec       0x78 /tmp/ccPT7ssV.ltrans2.ltrans.o
 .text._ZN4mbed16LittleFileSystem9file_syncEPv
                0x000000000800ec64       0x2c /tmp/ccPT7ssV.ltrans2.ltrans.o
                0x000000000800ec64                mbed::LittleFileSystem::file_sync(void*)
 .text._ZN4mbed16LittleFileSystem10file_closeEPv
                0x000000000800ec90       0x5c /tmp/ccPT7ssV.ltrans2.ltrans.o
                0x000000000800ec90                mbed::LittleFileSystem::file_close(void*)
 .text.lfs_dir_find
                0x000000000800ecec      0x150 /tmp/ccPT7ssV.ltrans2.ltrans.o
 .text._ZN4mbed16LittleFileSystem4statEPKcP4stat
                0x000000000800ee3c       0xb8 /tmp/ccPT7ssV.ltrans2.ltrans.o
                0x000000000800ee3c                mbed::LittleFileSystem::stat(char const*, stat*)
 .text._ZN4mbed16LittleFileSystem6removeEPKc
                0x000000000800eef4       0xb0 /tmp/ccPT7ssV.ltrans2.ltrans.o
                0x000000000800eef4                mbed::LittleFileSystem::remove(char const*)
 .text.lfs_dir_alloc
                0x000000000800efa4       0x58 /tmp/ccPT7ssV.ltrans2.ltrans.o
 .text._ZN4mbed16LittleFileSystem8reformatEPNS_11BlockDeviceE
                0x000000000800effc      0x224 /tmp/ccPT7ssV.ltrans2.ltrans.o
                0x000000000800effc                mbed::LittleFileSystem::reformat(mbed::BlockDevice*)
 .text.lfs_dir_append
                0x000000000800f220       0xda /tmp/ccPT7ssV.ltrans2.ltrans.o
 .text._ZN4mbed16LittleFileSystem5mkdirEPKcm
                0x000000000800f2fa       0xce /tmp/ccPT7ssV.ltrans2.ltrans.o
                0x000000000800f2fa                mbed::LittleFileSystem::mkdir(char const*, unsigned long)
 .text._ZN4mbed16LittleFileSystem6renameEPKcS2_
                0x000000000800f3c8      0x18e /tmp/ccPT7ssV.ltrans2.ltrans.o
                0x000000000800f3c8                mbed::LittleFileSystem::rename(char const*, char const*)
 .text._ZNK4mbed6detail12CallbackBase7call_fnEv.isra.3.lto_priv.370
                0x000000000800f556        0x2 /tmp/ccPT7ssV.ltrans2.ltrans.o
                0x000000000800f556                mbed::detail::CallbackBase::call_fn() const [clone .isra.3] [clone .lto_priv.370]
                0x000000000800f556                mbed::detail::CallbackBase::call_fn() const [clone .isra.5] [clone .lto_priv.365]
 .text._ZNK4mbed8CallbackIFvPKcEE4callES2_
                0x000000000800f558       0x14 /tmp/ccPT7ssV.ltrans2.ltrans.o
 .text._ZNK4mbed8CallbackIFvPKcEEclES2_
                0x000000000800f56c        0x4 /tmp/ccPT7ssV.ltrans2.ltrans.o
 .text._ZN4mbed8CallbackIFvPKcEE8generateIPS3_vEEvOT_
                0x000000000800f570       0x18 /tmp/ccPT7ssV.ltrans2.ltrans.o
                0x000000000800f570                void mbed::Callback<void (char const*)>::generate<void (*)(char const*), void>(void (*&&)(char const*))
 .text._ZNK4mbed8CallbackIFvvEEcvbEv
                0x000000000800f588       0x10 /tmp/ccPT7ssV.ltrans2.ltrans.o
                0x000000000800f588                mbed::Callback<void ()>::operator bool() const
 .text._ZN4mbed8DeferredIPKcED2Ev
                0x000000000800f598       0x1a /tmp/ccPT7ssV.ltrans2.ltrans.o
 *fill*         0x000000000800f5b2        0x2 
 .text._ZN4mbedL20disk_get_sector_sizeEh.lto_priv.364
                0x000000000800f5b4       0x20 /tmp/ccPT7ssV.ltrans2.ltrans.o
                0x000000000800f5b4                mbed::disk_get_sector_size(unsigned char) [clone .lto_priv.364]
 .text.disk_write
                0x000000000800f5d4       0x58 /tmp/ccPT7ssV.ltrans2.ltrans.o
                0x000000000800f5d4                disk_write
 .text._ZN4mbed13FATFileSystem10file_writeEPvPKvj
                0x000000000800f62c      0x1e4 /tmp/ccPT7ssV.ltrans2.ltrans.o
                0x000000000800f62c                mbed::FATFileSystem::file_write(void*, void const*, unsigned int)
 .text.disk_read
                0x000000000800f810       0x3c /tmp/ccPT7ssV.ltrans2.ltrans.o
                0x000000000800f810                disk_read
 .text._ZL12mount_volumePPKcPP5FATFSh
                0x000000000800f84c      0x304 /tmp/ccPT7ssV.ltrans2.ltrans.o
 .text.f_mount  0x000000000800fb50       0x54 /tmp/ccPT7ssV.ltrans2.ltrans.o
 .text._ZN4mbed13FATFileSystem7unmountEv
                0x000000000800fba4       0x6c /tmp/ccPT7ssV.ltrans2.ltrans.o
                0x000000000800fba4                mbed::FATFileSystem::unmount()
 .text._ZN4mbed13FATFileSystemD2Ev
                0x000000000800fc10       0x2c /tmp/ccPT7ssV.ltrans2.ltrans.o
                0x000000000800fc10                mbed::FATFileSystem::~FATFileSystem()
                0x000000000800fc10                mbed::FATFileSystem::~FATFileSystem()
                0x000000000800fc10                .LTHUNK4.lto_priv.338
 .text._ZThn4_N4mbed13FATFileSystemD1Ev
                0x000000000800fc3c        0x8 /tmp/ccPT7ssV.ltrans2.ltrans.o
                0x000000000800fc3c                non-virtual thunk to mbed::FATFileSystem::~FATFileSystem()
 .text._ZN4mbed13FATFileSystemD0Ev
                0x000000000800fc44       0x12 /tmp/ccPT7ssV.ltrans2.ltrans.o
                0x000000000800fc44                .LTHUNK5.lto_priv.340
                0x000000000800fc44                mbed::FATFileSystem::~FATFileSystem()
 .text._ZThn4_N4mbed13FATFileSystemD0Ev
                0x000000000800fc56        0x8 /tmp/ccPT7ssV.ltrans2.ltrans.o
                0x000000000800fc56                non-virtual thunk to mbed::FATFileSystem::~FATFileSystem()
 *fill*         0x000000000800fc5e        0x2 
 .text._ZN4mbed13FATFileSystem5mountEPNS_11BlockDeviceEb